Archive member included to satisfy reference by file (symbol)

../../../../include_lib/newlib/pi32v2-lib/libm.a(lib_a-s_cos.o)
                              objs/apps/wifi_story_machine/sta350bw/BiquadCalculator.c.o (symbol from plugin) (cos)
../../../../include_lib/newlib/pi32v2-lib/libm.a(lib_a-sf_cos.o)
                              objs/apps/wifi_story_machine/sta350bw/BiquadCalculator.c.o (symbol from plugin) (cosf)
../../../../include_lib/newlib/pi32v2-lib/libm.a(lib_a-sf_fabs.o)
                              objs/apps/wifi_story_machine/sta350bw/BiquadCalculator.c.o (symbol from plugin) (fabsf)
../../../../include_lib/newlib/pi32v2-lib/libm.a(lib_a-sf_sin.o)
                              objs/apps/wifi_story_machine/sta350bw/BiquadCalculator.c.o (symbol from plugin) (sinf)
../../../../include_lib/newlib/pi32v2-lib/libm.a(lib_a-sf_tan.o)
                              objs/apps/wifi_story_machine/sta350bw/BiquadCalculator.c.o (symbol from plugin) (tanf)
../../../../include_lib/newlib/pi32v2-lib/libm.a(lib_a-wf_exp.o)
                              objs/apps/wifi_story_machine/sta350bw/BiquadCalculator.c.o (symbol from plugin) (expf)
../../../../include_lib/newlib/pi32v2-lib/libm.a(lib_a-wf_pow.o)
                              objs/apps/wifi_story_machine/sta350bw/BiquadCalculator.c.o (symbol from plugin) (powf)
../../../../include_lib/newlib/pi32v2-lib/libm.a(lib_a-wf_sqrt.o)
                              objs/apps/wifi_story_machine/sta350bw/BiquadCalculator.c.o (symbol from plugin) (sqrtf)
../../../../include_lib/newlib/pi32v2-lib/libm.a(lib_a-ef_exp.o)
                              ../../../../include_lib/newlib/pi32v2-lib/libm.a(lib_a-wf_exp.o) (__ieee754_expf)
../../../../include_lib/newlib/pi32v2-lib/libm.a(lib_a-ef_pow.o)
                              ../../../../include_lib/newlib/pi32v2-lib/libm.a(lib_a-wf_pow.o) (__ieee754_powf)
../../../../include_lib/newlib/pi32v2-lib/libm.a(lib_a-ef_rem_pio2.o)
                              ../../../../include_lib/newlib/pi32v2-lib/libm.a(lib_a-sf_cos.o) (__ieee754_rem_pio2f)
../../../../include_lib/newlib/pi32v2-lib/libm.a(lib_a-ef_sqrt.o)
                              ../../../../include_lib/newlib/pi32v2-lib/libm.a(lib_a-wf_sqrt.o) (__ieee754_sqrtf)
../../../../include_lib/newlib/pi32v2-lib/libm.a(lib_a-e_rem_pio2.o)
                              ../../../../include_lib/newlib/pi32v2-lib/libm.a(lib_a-s_cos.o) (__ieee754_rem_pio2)
../../../../include_lib/newlib/pi32v2-lib/libm.a(lib_a-k_cos.o)
                              ../../../../include_lib/newlib/pi32v2-lib/libm.a(lib_a-s_cos.o) (__kernel_cos)
../../../../include_lib/newlib/pi32v2-lib/libm.a(lib_a-kf_cos.o)
                              ../../../../include_lib/newlib/pi32v2-lib/libm.a(lib_a-sf_cos.o) (__kernel_cosf)
../../../../include_lib/newlib/pi32v2-lib/libm.a(lib_a-kf_rem_pio2.o)
                              ../../../../include_lib/newlib/pi32v2-lib/libm.a(lib_a-ef_rem_pio2.o) (__kernel_rem_pio2f)
../../../../include_lib/newlib/pi32v2-lib/libm.a(lib_a-kf_sin.o)
                              ../../../../include_lib/newlib/pi32v2-lib/libm.a(lib_a-sf_cos.o) (__kernel_sinf)
../../../../include_lib/newlib/pi32v2-lib/libm.a(lib_a-kf_tan.o)
                              ../../../../include_lib/newlib/pi32v2-lib/libm.a(lib_a-sf_tan.o) (__kernel_tanf)
../../../../include_lib/newlib/pi32v2-lib/libm.a(lib_a-k_rem_pio2.o)
                              ../../../../include_lib/newlib/pi32v2-lib/libm.a(lib_a-e_rem_pio2.o) (__kernel_rem_pio2)
../../../../include_lib/newlib/pi32v2-lib/libm.a(lib_a-k_sin.o)
                              ../../../../include_lib/newlib/pi32v2-lib/libm.a(lib_a-s_cos.o) (__kernel_sin)
../../../../include_lib/newlib/pi32v2-lib/libm.a(lib_a-s_fabs.o)
                              ../../../../include_lib/newlib/pi32v2-lib/libm.a(lib_a-e_rem_pio2.o) (fabs)
../../../../include_lib/newlib/pi32v2-lib/libm.a(lib_a-sf_floor.o)
                              ../../../../include_lib/newlib/pi32v2-lib/libm.a(lib_a-kf_rem_pio2.o) (floorf)
../../../../include_lib/newlib/pi32v2-lib/libm.a(lib_a-s_floor.o)
                              ../../../../include_lib/newlib/pi32v2-lib/libm.a(lib_a-k_rem_pio2.o) (floor)
../../../../include_lib/newlib/pi32v2-lib/libm.a(lib_a-sf_nan.o)
                              ../../../../include_lib/newlib/pi32v2-lib/libm.a(lib_a-ef_pow.o) (nanf)
../../../../include_lib/newlib/pi32v2-lib/libm.a(lib_a-sf_scalbn.o)
                              ../../../../include_lib/newlib/pi32v2-lib/libm.a(lib_a-ef_pow.o) (scalbnf)
../../../../include_lib/newlib/pi32v2-lib/libm.a(lib_a-s_scalbn.o)
                              ../../../../include_lib/newlib/pi32v2-lib/libm.a(lib_a-k_rem_pio2.o) (scalbn)
../../../../include_lib/newlib/pi32v2-lib/libm.a(lib_a-s_copysign.o)
                              ../../../../include_lib/newlib/pi32v2-lib/libm.a(lib_a-s_scalbn.o) (copysign)
../../../../include_lib/newlib/pi32v2-lib/libm.a(lib_a-sf_copysign.o)
[...]
Memory Configuration

Name             Origin             Length             Attributes
rom              0x02000120         0x01000000         xr
sdram            0x04000120         0x00800000         xrw
ram0             0x01c00000         0x0007fd4c         xrw
boot_info        0x01c7fd4c         0x00000034         xrw
cache_ram        0x01f28000         0x00000000         rw
*default*        0x00000000         0xffffffff

Linker script and memory map

LOAD objs/apps/common/asr/aisp/aisp.c.o
LOAD ../../../../cpu/wl82/tools/sdk.elf.o
LOAD objs/apps/common/asr/jlkws/jlkws.c.o
LOAD objs/apps/common/asr/roobo/roobo.c.o
LOAD objs/apps/common/asr/wanson/wanson.c.o
LOAD objs/apps/common/audio_music/audio_config.c.o
LOAD objs/apps/common/audio_music/audio_eff_default_parm.c.o
LOAD objs/apps/common/audio_music/effects_adj.c.o
LOAD objs/apps/common/audio_music/eq_config_new.c.o
LOAD objs/apps/common/audio_music/http_recorder.c.o
LOAD objs/apps/common/audio_music/music_decrypt.c.o
LOAD objs/apps/common/audio_music/pcm_play_api.c.o
LOAD objs/apps/common/audio_music/usb_audio_api.c.o
LOAD objs/apps/common/audio_music/wifi_upload_pcm.c.o
LOAD objs/apps/common/ble/le_24g_deal.c.o
LOAD objs/apps/common/ble/le_hogp.c.o
LOAD objs/apps/common/ble/le_net_central.c.o
LOAD objs/apps/common/ble/le_net_cfg.c.o
LOAD objs/apps/common/ble/le_net_cfg_dui.c.o
LOAD objs/apps/common/ble/le_net_cfg_tencent.c.o
LOAD objs/apps/common/ble/le_net_cfg_turing.c.o
LOAD objs/apps/common/ble/le_trans_data.c.o
LOAD objs/apps/common/ble/mesh/examples/AliGenie_fan.c.o
LOAD objs/apps/common/ble/mesh/examples/AliGenie_light.c.o
LOAD objs/apps/common/ble/mesh/examples/AliGenie_socket.c.o
LOAD objs/apps/common/ble/mesh/examples/TUYA_light.c.o
LOAD objs/apps/common/ble/mesh/examples/generic_onoff_client.c.o
LOAD objs/apps/common/ble/mesh/examples/generic_onoff_server.c.o
LOAD objs/apps/common/ble/mesh/examples/onoff_tobe_provision.c.o
LOAD objs/apps/common/ble/mesh/examples/provisioner.c.o
LOAD objs/apps/common/ble/mesh/examples/vendor_client.c.o
LOAD objs/apps/common/ble/mesh/examples/vendor_server.c.o
LOAD objs/apps/common/ble/mesh/mesh_config_common.c.o
LOAD objs/apps/common/ble/mesh/model_api.c.o
LOAD objs/apps/common/ble/mesh/unix_timestamp.c.o
LOAD objs/apps/common/ble/multi_demo/le_multi_client.c.o
LOAD objs/apps/common/ble/multi_demo/le_multi_common.c.o
LOAD objs/apps/common/ble/multi_demo/le_multi_trans.c.o
LOAD objs/apps/common/config/bt_profile_config.c.o
LOAD objs/apps/common/config/log_config/app_config.c.o
LOAD objs/apps/common/config/log_config/lib_btctrler_config.c.o
LOAD objs/apps/common/config/log_config/lib_btstack_config.c.o
LOAD objs/apps/common/config/log_config/lib_driver_config.c.o
LOAD objs/apps/common/config/log_config/lib_system_config.c.o
LOAD objs/apps/common/config/log_config/lib_update_config.c.o
LOAD objs/apps/common/config/new_cfg_tool.c.o
LOAD objs/apps/common/config/user_cfg.c.o
LOAD objs/apps/common/debug/debug.c.o
LOAD objs/apps/common/debug/debug_user.c.o
LOAD objs/apps/common/example/third_party/littlefs/lfs.c.o
LOAD objs/apps/common/example/third_party/littlefs/lfs_test.c.o
LOAD objs/apps/common/example/third_party/littlefs/lfs_util.c.o
LOAD objs/apps/common/example/third_party/littlefs/port/wl82/port.c.o
LOAD objs/apps/common/fat_nor/extflash.c.o
LOAD objs/apps/common/fm/fm_manage.c.o
LOAD objs/apps/common/fm/fm_rw.c.o
LOAD objs/apps/common/fm/qn8035/QN8035.c.o
LOAD objs/apps/common/fm/rda5807/RDA5807.c.o
LOAD objs/apps/common/iic/iic.c.o
LOAD objs/apps/common/iic/software_iic.c.o
LOAD objs/apps/common/jl_math/flfft_core_pi32v2.c.o
LOAD objs/apps/common/jl_math/jl_fft.c.o
LOAD objs/apps/common/jl_math/jl_math.c.o
LOAD objs/apps/common/jl_math/nn_function_vec.c.o
LOAD objs/apps/common/key/adkey.c.o
LOAD objs/apps/common/key/adkey_rtcvdd.c.o
LOAD objs/apps/common/key/ctmu_touch_key.c.o
LOAD objs/apps/common/key/iokey.c.o
LOAD objs/apps/common/key/irkey.c.o
LOAD objs/apps/common/key/key_driver.c.o
LOAD objs/apps/common/key/matrix_keyboard.c.o
LOAD objs/apps/common/key/rdec_key.c.o
LOAD objs/apps/common/key/slidekey.c.o
LOAD objs/apps/common/key/tent600_key.c.o
LOAD objs/apps/common/key/touch_key.c.o
LOAD objs/apps/common/key/uart_key.c.o
LOAD objs/apps/common/net/assign_macaddr.c.o
LOAD objs/apps/common/net/config_network.c.o
LOAD objs/apps/common/net/iperf_test.c.o
LOAD objs/apps/common/net/platform_cfg.c.o
LOAD objs/apps/common/net/testbox/client.c.o
LOAD objs/apps/common/net/testbox/fsm.c.o
LOAD objs/apps/common/net/testbox/wbcp.c.o
LOAD objs/apps/common/net/voiceprint_cfg.c.o
LOAD objs/apps/common/net/wifi_conf.c.o
LOAD objs/apps/common/rf_fcc_tool/bt.c.o
LOAD objs/apps/common/rf_fcc_tool/rf_fcc_main.c.o
LOAD objs/apps/common/system/device_mount.c.o
LOAD objs/apps/common/system/flash_write_protect.c.o
LOAD objs/apps/common/system/init.c.o
LOAD objs/apps/common/system/power_manage.c.o
LOAD objs/apps/common/system/sdram_config_save_flash.c.o
LOAD objs/apps/common/system/system_reset_reason.c.o
LOAD objs/apps/common/system/system_vdd_clock.c.o
LOAD objs/apps/common/system/version.c.o
LOAD objs/apps/common/update/fs_update.c.o
LOAD objs/apps/common/update/http_update.c.o
LOAD objs/apps/common/update/net_update.c.o
LOAD objs/apps/common/update/update.c.o
LOAD objs/apps/common/usb/device/cdc.c.o
LOAD objs/apps/common/usb/device/descriptor.c.o
LOAD objs/apps/common/usb/device/hid.c.o
LOAD objs/apps/common/usb/device/msd.c.o
LOAD objs/apps/common/usb/device/msd_upgrade.c.o
LOAD objs/apps/common/usb/device/printer.c.o
LOAD objs/apps/common/usb/device/ram_disk_circle.c.o
LOAD objs/apps/common/usb/device/ram_disk_update.c.o
LOAD objs/apps/common/usb/device/task_pc.c.o
LOAD objs/apps/common/usb/device/uac.c.o
LOAD objs/apps/common/usb/device/uac_stream.c.o
LOAD objs/apps/common/usb/device/usb_device.c.o
LOAD objs/apps/common/usb/device/user_setup.c.o
LOAD objs/apps/common/usb/device/uvc.c.o
LOAD objs/apps/common/usb/host/adb.c.o
LOAD objs/apps/common/usb/host/aoa.c.o
LOAD objs/apps/common/usb/host/audio.c.o
LOAD objs/apps/common/usb/host/hid.c.o
LOAD objs/apps/common/usb/host/usb_bulk_transfer.c.o
LOAD objs/apps/common/usb/host/usb_ctrl_transfer.c.o
LOAD objs/apps/common/usb/host/usb_host.c.o
LOAD objs/apps/common/usb/host/usb_storage.c.o
LOAD objs/apps/common/usb/host/usb_video.c.o
LOAD objs/apps/common/usb/host/usbnet.c.o
LOAD objs/apps/common/usb/host/uvc_host.c.o
LOAD objs/apps/common/usb/usb_config.c.o
LOAD objs/apps/common/usb/usb_epbuf_manager.c.o
LOAD objs/apps/common/usb/usb_host_config.c.o
LOAD objs/apps/wifi_story_machine/app_main.c.o
LOAD objs/apps/wifi_story_machine/app_music.c.o
LOAD objs/apps/wifi_story_machine/app_music_dui.c.o
LOAD objs/apps/wifi_story_machine/app_music_tencent.c.o
LOAD objs/apps/wifi_story_machine/board/wl82/board_7916A.c.o
LOAD objs/apps/wifi_story_machine/bt_ble/ble.c.o
LOAD objs/apps/wifi_story_machine/bt_ble/bt_decode.c.o
LOAD objs/apps/wifi_story_machine/bt_ble/bt_emitter.c.o
LOAD objs/apps/wifi_story_machine/bt_ble/bt_music.c.o
LOAD objs/cpu/wl82/debug.c.o
LOAD objs/cpu/wl82/iic.c.o
LOAD objs/cpu/wl82/key/adc_api.c.o
LOAD objs/cpu/wl82/key/ctmu.c.o
LOAD objs/cpu/wl82/key/irflt.c.o
LOAD objs/cpu/wl82/key/plcnt.c.o
LOAD objs/cpu/wl82/key/rdec.c.o
LOAD objs/cpu/wl82/port_waked_up.c.o
LOAD objs/cpu/wl82/setup.c.o
LOAD objs/apps/wifi_story_machine/sta350bw/sta350bw.c.o
LOAD objs/apps/wifi_story_machine/sta350bw/BiquadCalculator.c.o
LOAD objs/apps/wifi_story_machine/sta350bw/BiquadPresets.c.o
LOAD objs/apps/wifi_story_machine/user_app.c.o
LOAD objs/apps/common/config/ci_transport_uart.c.o
LOAD objs/include_lib/btctrler/version.z.S.o
LOAD objs/include_lib/btstack/version.z.S.o
LOAD objs/include_lib/driver/version.z.S.o
LOAD objs/include_lib/media/version.z.S.o
LOAD objs/include_lib/net/version.z.S.o
LOAD objs/include_lib/server/version.z.S.o
LOAD objs/include_lib/system/version.z.S.o
LOAD objs/include_lib/update/version.z.S.o
LOAD objs/include_lib/utils/version.z.S.o
LOAD objs/lib/net/version.z.S.o
LOAD objs/lib/server/version.z.S.o
LOAD objs/lib/utils/version.z.S.o
START GROUP
LOAD ../../../../include_lib/newlib/pi32v2-lib/libm.a
LOAD ../../../../include_lib/newlib/pi32v2-lib/libc.a
LOAD ../../../../include_lib/newlib/pi32v2-lib/libcompiler_rt.a
START GROUP
LOAD ../../../../cpu/wl82/liba/event.a
LOAD ../../../../cpu/wl82/liba/system.a
LOAD ../../../../cpu/wl82/liba/fs.a
LOAD ../../../../cpu/wl82/liba/cfg_tool.a
LOAD ../../../../cpu/wl82/liba/cpu.a
LOAD ../../../../cpu/wl82/liba/update.a
LOAD ../../../../cpu/wl82/liba/common_lib.a
LOAD ../../../../cpu/wl82/liba/wl_rf_common.a
LOAD ../../../../cpu/wl82/liba/VirtualBass.a
LOAD ../../../../cpu/wl82/liba/lib_esco_repair.a
LOAD ../../../../cpu/wl82/liba/audio_server.a
LOAD ../../../../cpu/wl82/liba/echo_server.a
LOAD ../../../../cpu/wl82/liba/led_ui_server.a
LOAD ../../../../cpu/wl82/liba/lib_opus_enc.a
LOAD ../../../../cpu/wl82/liba/libspeex.a
LOAD ../../../../cpu/wl82/liba/libvad.a
LOAD ../../../../cpu/wl82/liba/lib_wma_dec.a
LOAD ../../../../cpu/wl82/liba/lib_ape_dec.a
LOAD ../../../../cpu/wl82/liba/lib_flac_dec.a
LOAD ../../../../cpu/wl82/liba/lib_mp3_dec.a
LOAD ../../../../cpu/wl82/liba/lib_mp3_enc.a
LOAD ../../../../cpu/wl82/liba/lib_wav_dec.a
LOAD ../../../../cpu/wl82/liba/lib_dts_dec.a
LOAD ../../../../cpu/wl82/liba/lib_opus_dec.a
LOAD ../../../../cpu/wl82/liba/lib_amr_dec.a
LOAD ../../../../cpu/wl82/liba/lib_amr_enc.a
LOAD ../../../../cpu/wl82/liba/lib_amrwb_enc.a
LOAD ../../../../cpu/wl82/liba/lib_adpcm_enc.a
LOAD ../../../../cpu/wl82/liba/lib_pitchshifter.a
LOAD ../../../../cpu/wl82/liba/lib_rmono2stereo.a
LOAD ../../../../cpu/wl82/liba/lib_reverb_cal.a
LOAD ../../../../cpu/wl82/liba/lib_howling.a
LOAD ../../../../cpu/wl82/liba/lib_pitch_speed.a
LOAD ../../../../cpu/wl82/liba/lib_roobo_fig.a
LOAD ../../../../cpu/wl82/liba/lib_roobo_aec.a
LOAD ../../../../cpu/wl82/liba/lib_wanson_asr.a
LOAD ../../../../cpu/wl82/liba/libaec.a
LOAD ../../../../cpu/wl82/liba/lib_dvad.a
LOAD ../../../../cpu/wl82/liba/libdns.a
LOAD ../../../../cpu/wl82/liba/libjlsp.a
LOAD ../../../../cpu/wl82/liba/libjlsp_kws_far_keyword.a
LOAD ../../../../cpu/wl82/liba/libkwscommon.a
LOAD ../../../../cpu/wl82/liba/lib_usb_syn.a
LOAD ../../../../cpu/wl82/liba/lib_spectrum_show.a
LOAD ../../../../cpu/wl82/liba/img_stitch.a
LOAD ../../../../cpu/wl82/liba/lib_ogg_vorbis_dec.a
LOAD ../../../../cpu/wl82/liba/media_app.a
LOAD ../../../../cpu/wl82/liba/libcompressor.a
LOAD ../../../../cpu/wl82/liba/lib_crossover_coff.a
LOAD ../../../../cpu/wl82/liba/libdrc.a
LOAD ../../../../cpu/wl82/liba/net_server.a
LOAD ../../../../cpu/wl82/liba/video_rec_server.a
LOAD ../../../../cpu/wl82/liba/aisIntlib_single_xiaoai.a
LOAD ../../../../cpu/wl82/liba/libaisp_single.a
LOAD ../../../../cpu/wl82/liba/libauth_aisp.a
LOAD ../../../../cpu/wl82/liba/libauth.a
LOAD ../../../../cpu/wl82/liba/lib_m4a_dec.a
LOAD ../../../../cpu/wl82/liba/lwip_2_1_3.a
LOAD ../../../../cpu/wl82/liba/wl_wifi_sta.a
LOAD ../../../../cpu/wl82/liba/lte_module.a
LOAD ../../../../cpu/wl82/liba/ai_server.a
LOAD ../../../../cpu/wl82/liba/zliblite.a
LOAD ../../../../cpu/wl82/liba/profile.a
LOAD ../../../../cpu/wl82/liba/stream_media_server.a
LOAD ../../../../cpu/wl82/liba/libmbedtls_2_2_1.a
LOAD ../../../../cpu/wl82/liba/wolfssl.a
LOAD ../../../../cpu/wl82/liba/wpasupplicant.a
LOAD ../../../../cpu/wl82/liba/hsm.a
LOAD ../../../../cpu/wl82/liba/http_cli.a
LOAD ../../../../cpu/wl82/liba/http_server.a
LOAD ../../../../cpu/wl82/liba/json.a
LOAD ../../../../cpu/wl82/liba/libduer-device.a
LOAD ../../../../cpu/wl82/liba/network_download.a
LOAD ../../../../cpu/wl82/liba/lib_mqtt.a
LOAD ../../../../cpu/wl82/liba/lib_sound_wave.a
LOAD ../../../../cpu/wl82/liba/libturing.a
LOAD ../../../../cpu/wl82/liba/libdui.a
LOAD ../../../../cpu/wl82/liba/libJlCloud.a
LOAD ../../../../cpu/wl82/liba/libecho_cloud.a
LOAD ../../../../cpu/wl82/liba/libmpeg.a
LOAD ../../../../cpu/wl82/liba/libdcl.a
LOAD ../../../../cpu/wl82/liba/libdlna.a
LOAD ../../../../cpu/wl82/liba/libqrcode.a
LOAD ../../../../cpu/wl82/liba/libwt.a
LOAD ../../../../cpu/wl82/liba/libvtbk.a
LOAD ../../../../cpu/wl82/liba/libtencent.a
LOAD ../../../../cpu/wl82/liba/websocket.a
LOAD ../../../../cpu/wl82/liba/iperf.a
LOAD ../../../../cpu/wl82/liba/tmallgenie.a
LOAD ../../../../cpu/wl82/liba/tmallgenie_todo.a
LOAD ../../../../cpu/wl82/liba/cJSON.a
LOAD ../../../../cpu/wl82/liba/ftpserver_new.a
LOAD ../../../../cpu/wl82/liba/http_server.a
LOAD ../../../../cpu/wl82/liba/btctrler.a
LOAD ../../../../cpu/wl82/liba/btstack.a
LOAD ../../../../cpu/wl82/liba/rcsp_stack.a
LOAD ../../../../cpu/wl82/liba/lib_ccm_aes.a
LOAD ../../../../cpu/wl82/liba/lib_sbc_eng.a
LOAD ../../../../cpu/wl82/liba/lib_sig_mesh.a
LOAD ../../../../cpu/wl82/liba/crypto_toolbox_Osize.a
END GROUP
LOAD ../../../../cpu/wl82/liba/video_dec_server.a
LOAD ../../../../cpu/wl82/liba/ui.a
LOAD ../../../../cpu/wl82/liba/res.a
LOAD ../../../../cpu/wl82/liba/font.a
LOAD ../../../../cpu/wl82/liba/ui_draw.a
                0x00000034                BOOT_INFO_SIZE = 0x34
                0x00000000                TLB_SIZE = 0x0
                0x00800000                SDRAM_SIZE = 0x800000
                0x0007fd4c                RAM0_SIZE = (((0x7fe00 - TLB_SIZE) - BOOT_INFO_SIZE) - 0x80)
                0x01c7fd80                UPDATA_BEG = 0x1c7fd80
                0x00000000                FREE_DACHE_WAY = 0x0
                0x00000000                FREE_IACHE_WAY = 0x0
                0x00000000                CACHE_RAM_SIZE = ((FREE_DACHE_WAY * 0x1000) + (FREE_IACHE_WAY * 0x1000))
                0x02000120                . = ORIGIN (rom)

.text           0x02000120   0x130ec0
                0x02000120                _text_rodata_begin = .
                0x02000120                PROVIDE (text_rodata_begin, .)
 *startup.S.o(.text)
 .text          0x02000120       0xc4 ../../../../cpu/wl82/liba/cpu.a(startup.S.o)
                0x02000120                _start
                0x02000122                wait_if_breakpoint
                0x020001b8                cpu1_start
                0x020001cc                exception_irq_handler
 *(.boot_code)
 .boot_code     0x020001e4      0x294 ../../../../cpu/wl82/tools/sdk.elf.o
                0x02000226                boot_info_init
                0x02000272                boot_memmove
                0x02000394                boot_sdram_con_config
 *(.text*)
 .text          0x02000478    0x69e16 ../../../../cpu/wl82/tools/sdk.elf.o
                0x02008b02                __errno
                0x02008dae                cpu1_main
                0x02009452                main
                0x0200c96c                update_result_get
                0x02017488                exception_analyze
                0x020177f0                sp_ovf_unen
                0x02017804                sp_ovf_en
 .text._ZN19SubbandNLMS_partialI9floatReal12floatComplexE15QueryBufferSizeEii
                0x0206a28e       0x10 ../../../../cpu/wl82/tools/sdk.elf.o
 .text._ZN19MCRA_NoiseEstimatorI9floatRealE15QueryBufferSizeEi
                0x0206a29e        0xa ../../../../cpu/wl82/tools/sdk.elf.o
 .text._ZN34SingleChannelNoiseSuppressorInBarkI9floatReal12floatComplexE19QueryTempBufferSizeEii
                0x0206a2a8        0xe ../../../../cpu/wl82/tools/sdk.elf.o
 .text._ZN24WOLA_FilterBank_AnalyserI9floatReal12floatComplex11fixHalfRealEC2EPS0_iiiRK6VectorIS0_ER3FFTIS0_S1_E
                0x0206a2b6       0x5e ../../../../cpu/wl82/tools/sdk.elf.o
 .text._ZN19VectorCircularArrayI9floatRealEC2Ev
                0x0206a314        0xa ../../../../cpu/wl82/tools/sdk.elf.o
 .text._ZN27WOLA_FilterBank_SynthesizerI9floatReal12floatComplex11fixHalfRealEC2EPS0_iiiRK6VectorIS0_ER3FFTIS0_S1_E
                0x0206a31e       0x8e ../../../../cpu/wl82/tools/sdk.elf.o
 .text._Z22VectorTernaryOperationRKPFvRK6ScalarI9floatRealES3_RS1_ERK6VectorIS0_ESC_RSA_
                0x0206a3ac       0x7e ../../../../cpu/wl82/tools/sdk.elf.o
 .text._Z15VectorMulScalarRK6VectorI9floatRealERK6ScalarIS0_ERS1_
                0x0206a42a        0xc ../../../../cpu/wl82/tools/sdk.elf.o
 .text._Z9VectorSetRK6ScalarI9floatRealER6VectorIS0_E
                0x0206a436        0xa ../../../../cpu/wl82/tools/sdk.elf.o
 .text._Z7powAprxI9floatRealEvRK6ScalarIT_ES5_RS3_
                0x0206a440       0x28 ../../../../cpu/wl82/tools/sdk.elf.o
 .text._ZNK6MatrixI12floatComplexEclEiiii
                0x0206a468       0x3a ../../../../cpu/wl82/tools/sdk.elf.o
 .text._ZN19SubbandNLMS_partialI9floatReal12floatComplexEC2EPS0_iiRK6VectorIS0_ES7_
                0x0206a4a2      0x10a ../../../../cpu/wl82/tools/sdk.elf.o
 .text._ZN19CoherenceCalculatorI9floatReal12floatComplexEC2EPS0_fi
                0x0206a5ac       0x56 ../../../../cpu/wl82/tools/sdk.elf.o
 .text._ZN13dynamicVectorI12floatComplex9floatRealEC2ER9AllocatorIS1_Eii
                0x0206a602       0x2c ../../../../cpu/wl82/tools/sdk.elf.o
 .text._ZN13dynamicVectorI9floatRealS0_EC2ER9AllocatorIS0_Eii
                0x0206a62e       0x28 ../../../../cpu/wl82/tools/sdk.elf.o
 .text._ZNK6VectorI12floatComplexEclERK10Vectorzone
                0x0206a656       0x36 ../../../../cpu/wl82/tools/sdk.elf.o
 .text._ZNK6VectorI9floatRealEclERK10Vectorzone
                0x0206a68c       0x36 ../../../../cpu/wl82/tools/sdk.elf.o
 .text._ZN24WOLA_FilterBank_AnalyserI9floatReal12floatComplex11fixHalfRealE7AnalyseERK6VectorIS2_ERS4_IS1_ER9AllocatorIS0_E
                0x0206a6c2      0x128 ../../../../cpu/wl82/tools/sdk.elf.o
 .text._Z12VectorGetMagRK6VectorI12floatComplexERS_I9floatRealE
                0x0206a7ea        0xa ../../../../cpu/wl82/tools/sdk.elf.o
 .text._Z9VectorMaxRK6ScalarI9floatRealER6VectorIS0_E
                0x0206a7f4        0xc ../../../../cpu/wl82/tools/sdk.elf.o
 .text._Z22VectorRecursiveAverageRK6VectorI9floatRealERS1_RK6ScalarIS0_E
                0x0206a800        0xc ../../../../cpu/wl82/tools/sdk.elf.o
 .text._Z20VectorElementwiseMulRK6VectorI9floatRealES3_RS1_
                0x0206a80c        0xa ../../../../cpu/wl82/tools/sdk.elf.o
 .text._Z9VectorMinRK6ScalarI9floatRealER6VectorIS0_E
                0x0206a816        0xc ../../../../cpu/wl82/tools/sdk.elf.o
 .text._ZN19CoherenceCalculatorI9floatReal12floatComplexE9CalculateERK6VectorIS1_ES6_RS3_IS0_ER9AllocatorIS0_E
                0x0206a822       0x9a ../../../../cpu/wl82/tools/sdk.elf.o
 .text._Z11VectorMinusRK6VectorI9floatRealES3_RS1_
                0x0206a8bc        0xa ../../../../cpu/wl82/tools/sdk.elf.o
 .text._Z10VectorCopyRK6VectorI12floatComplexERS1_
                0x0206a8c6        0xa ../../../../cpu/wl82/tools/sdk.elf.o
 .text._Z18MatrixAccessColumnRK6MatrixI12floatComplexER6VectorIS0_Ei
                0x0206a8d0       0x32 ../../../../cpu/wl82/tools/sdk.elf.o
 .text._Z25VectorMagRecursiveAverageRK6VectorI12floatComplexERS_I9floatRealERK6ScalarIS4_E
                0x0206a902        0xc ../../../../cpu/wl82/tools/sdk.elf.o
 .text._Z20VectorElementwiseMulRK6VectorI12floatComplexERKS_I9floatRealERS1_
                0x0206a90e        0xa ../../../../cpu/wl82/tools/sdk.elf.o
 .text._Z10VectorPlusRK6VectorI9floatRealES3_RS1_
                0x0206a918        0xa ../../../../cpu/wl82/tools/sdk.elf.o
 .text._ZN13dynamicVectorI12floatComplex9floatRealED2Ev
                0x0206a922       0x1c ../../../../cpu/wl82/tools/sdk.elf.o
 .text._ZN19SubbandNLMS_partialI9floatReal12floatComplexE7ProcessERK6VectorIS1_ES6_RS4_S7_R9AllocatorIS0_E
                0x0206a93e      0x172 ../../../../cpu/wl82/tools/sdk.elf.o
 .text._Z12VectorDivideRK6VectorI9floatRealES3_RS1_RK6ScalarIS0_E
                0x0206aab0        0xc ../../../../cpu/wl82/tools/sdk.elf.o
 .text._Z15VectorCompareBTRK6VectorI9floatRealES3_RS_IiE
                0x0206aabc        0xa ../../../../cpu/wl82/tools/sdk.elf.o
 .text._Z10VectorCopyRK6VectorI9floatRealERS1_
                0x0206aac6        0xa ../../../../cpu/wl82/tools/sdk.elf.o
 .text._Z22VectorElementwiseShiftRK6VectorI9floatRealERS1_i
                0x0206aad0        0xa ../../../../cpu/wl82/tools/sdk.elf.o
 .text._Z9VectorMinRK6VectorI9floatRealES3_RS1_
                0x0206aada        0xa ../../../../cpu/wl82/tools/sdk.elf.o
 .text._ZN19MCRA_NoiseEstimatorI9floatRealE8EstimateERK6VectorIS0_ERS3_R9AllocatorIS0_E
                0x0206aae4      0x1d2 ../../../../cpu/wl82/tools/sdk.elf.o
 .text._ZNK6VectorI9floatRealEclEiii
                0x0206acb6       0x3c ../../../../cpu/wl82/tools/sdk.elf.o
 .text._ZN34SingleChannelNoiseSuppressorInBarkI9floatReal12floatComplexE12CalcSuppressERK6VectorIS0_ES6_RS4_R9AllocatorIS0_E
                0x0206acf2      0x1b0 ../../../../cpu/wl82/tools/sdk.elf.o
 .text._ZN19VectorCircularArrayI9floatRealEppEi
                0x0206aea2       0x14 ../../../../cpu/wl82/tools/sdk.elf.o
 .text._ZN19VectorCircularArrayI9floatRealEmmEi
                0x0206aeb6       0x1e ../../../../cpu/wl82/tools/sdk.elf.o
 .text._ZN27WOLA_FilterBank_SynthesizerI9floatReal12floatComplex11fixHalfRealE10SynthesizeERK6VectorIS1_ERS4_IS2_ER9AllocatorIS0_E
                0x0206aed4      0x11e ../../../../cpu/wl82/tools/sdk.elf.o
 .text._Z12logisticAprxI9floatRealEvRK6ScalarIT_ERS3_
                0x0206aff2       0x28 ../../../../cpu/wl82/tools/sdk.elf.o
 .text._Z8magnAprxI12floatComplex9floatRealEvRK6ScalarIT_ERS2_IT0_E
                0x0206b01a        0xa ../../../../cpu/wl82/tools/sdk.elf.o
 .text._ZN15StaticAllocatorI9floatRealE5allocEj
                0x0206b024        0xc ../../../../cpu/wl82/tools/sdk.elf.o
 .text._ZN15StaticAllocatorI9floatRealE4freeEPS0_j
                0x0206b030        0x8 ../../../../cpu/wl82/tools/sdk.elf.o
 .text          0x0206b038        0x0 objs/include_lib/btctrler/version.z.S.o
 .text          0x0206b038        0x0 objs/include_lib/btstack/version.z.S.o
 .text          0x0206b038        0x0 objs/include_lib/driver/version.z.S.o
 .text          0x0206b038        0x0 objs/include_lib/media/version.z.S.o
 .text          0x0206b038        0x0 objs/include_lib/net/version.z.S.o
 .text          0x0206b038        0x0 objs/include_lib/server/version.z.S.o
 .text          0x0206b038        0x0 objs/include_lib/system/version.z.S.o
 .text          0x0206b038        0x0 objs/include_lib/update/version.z.S.o
 .text          0x0206b038        0x0 objs/include_lib/utils/version.z.S.o
 .text          0x0206b038        0x0 objs/lib/net/version.z.S.o
 .text          0x0206b038        0x0 objs/lib/server/version.z.S.o
 .text          0x0206b038        0x0 objs/lib/utils/version.z.S.o
 .text          0x0206b038       0x84 ../../../../include_lib/newlib/pi32v2-lib/libm.a(lib_a-s_cos.o)
                0x0206b038                cos
 .text          0x0206b0bc       0x6c ../../../../include_lib/newlib/pi32v2-lib/libm.a(lib_a-sf_cos.o)
                0x0206b0bc                cosf
 .text          0x0206b128        0x4 ../../../../include_lib/newlib/pi32v2-lib/libm.a(lib_a-sf_fabs.o)
                0x0206b128                fabsf
 .text          0x0206b12c       0x6c ../../../../include_lib/newlib/pi32v2-lib/libm.a(lib_a-sf_sin.o)
                0x0206b12c                sinf
 .text          0x0206b198       0x42 ../../../../include_lib/newlib/pi32v2-lib/libm.a(lib_a-sf_tan.o)
                0x0206b198                tanf
 .text          0x0206b1da        0x4 ../../../../include_lib/newlib/pi32v2-lib/libm.a(lib_a-wf_exp.o)
                0x0206b1da                expf
 .text          0x0206b1de        0x4 ../../../../include_lib/newlib/pi32v2-lib/libm.a(lib_a-wf_pow.o)
                0x0206b1de                powf
 .text          0x0206b1e2        0x4 ../../../../include_lib/newlib/pi32v2-lib/libm.a(lib_a-wf_sqrt.o)
                0x0206b1e2                sqrtf
 .text          0x0206b1e6      0x16e ../../../../include_lib/newlib/pi32v2-lib/libm.a(lib_a-ef_exp.o)
                0x0206b1e6                __ieee754_expf
 .text          0x0206b354      0x4f0 ../../../../include_lib/newlib/pi32v2-lib/libm.a(lib_a-ef_pow.o)
                0x0206b354                __ieee754_powf
 .text          0x0206b844      0x222 ../../../../include_lib/newlib/pi32v2-lib/libm.a(lib_a-ef_rem_pio2.o)
                0x0206b844                __ieee754_rem_pio2f
 .text          0x0206ba66       0x86 ../../../../include_lib/newlib/pi32v2-lib/libm.a(lib_a-ef_sqrt.o)
                0x0206ba66                __ieee754_sqrtf
 .text          0x0206baec      0x392 ../../../../include_lib/newlib/pi32v2-lib/libm.a(lib_a-e_rem_pio2.o)
                0x0206baec                __ieee754_rem_pio2
 .text          0x0206be7e      0x160 ../../../../include_lib/newlib/pi32v2-lib/libm.a(lib_a-k_cos.o)
                0x0206be7e                __kernel_cos
 .text          0x0206bfde       0xd6 ../../../../include_lib/newlib/pi32v2-lib/libm.a(lib_a-kf_cos.o)
                0x0206bfde                __kernel_cosf
 .text          0x0206c0b4      0x47e ../../../../include_lib/newlib/pi32v2-lib/libm.a(lib_a-kf_rem_pio2.o)
                0x0206c0b4                __kernel_rem_pio2f
 .text          0x0206c532       0x9e ../../../../include_lib/newlib/pi32v2-lib/libm.a(lib_a-kf_sin.o)
                0x0206c532                __kernel_sinf
 .text          0x0206c5d0      0x1b8 ../../../../include_lib/newlib/pi32v2-lib/libm.a(lib_a-kf_tan.o)
                0x0206c5d0                __kernel_tanf
 .text          0x0206c788      0x62c ../../../../include_lib/newlib/pi32v2-lib/libm.a(lib_a-k_rem_pio2.o)
                0x0206c788                __kernel_rem_pio2
 .text          0x0206cdb4      0x130 ../../../../include_lib/newlib/pi32v2-lib/libm.a(lib_a-k_sin.o)
                0x0206cdb4                __kernel_sin
 .text          0x0206cee4        0x4 ../../../../include_lib/newlib/pi32v2-lib/libm.a(lib_a-s_fabs.o)
                0x0206cee4                fabs
 .text          0x0206cee8       0x72 ../../../../include_lib/newlib/pi32v2-lib/libm.a(lib_a-sf_floor.o)
                0x0206cee8                floorf
 .text          0x0206cf5a       0xfc ../../../../include_lib/newlib/pi32v2-lib/libm.a(lib_a-s_floor.o)
                0x0206cf5a                floor
 .text          0x0206d056        0x8 ../../../../include_lib/newlib/pi32v2-lib/libm.a(lib_a-sf_nan.o)
                0x0206d056                nanf
 .text          0x0206d05e       0xa2 ../../../../include_lib/newlib/pi32v2-lib/libm.a(lib_a-sf_scalbn.o)
                0x0206d05e                scalbnf
 .text          0x0206d100       0xe2 ../../../../include_lib/newlib/pi32v2-lib/libm.a(lib_a-s_scalbn.o)
                0x0206d100                scalbn
 .text          0x0206d1e2       0x20 ../../../../include_lib/newlib/pi32v2-lib/libm.a(lib_a-s_copysign.o)
                0x0206d1e2                copysign
 .text          0x0206d202        0x8 ../../../../include_lib/newlib/pi32v2-lib/libm.a(lib_a-sf_copysign.o)
                0x0206d202                copysignf
 .text          0x0206d20a       0x10 ../../../../include_lib/newlib/pi32v2-lib/libc.a(lib_a-atoi.o)
                0x0206d20a                atoi
                0x0206d212                _atoi_r
 .text          0x0206d21a       0x38 ../../../../include_lib/newlib/pi32v2-lib/libc.a(lib_a-memcmp.o)
                0x0206d21a                memcmp
 .text          0x0206d252       0x14 ../../../../include_lib/newlib/pi32v2-lib/libc.a(lib_a-strchr.o)
                0x0206d252                strchr
 .text          0x0206d266       0xa0 ../../../../include_lib/newlib/pi32v2-lib/libc.a(lib_a-strcmp.o)
                0x0206d266                strcmp
 .text          0x0206d306       0x6e ../../../../include_lib/newlib/pi32v2-lib/libc.a(lib_a-strcpy.o)
                0x0206d306                strcpy
 .text          0x0206d374       0x24 ../../../../include_lib/newlib/pi32v2-lib/libc.a(lib_a-strcspn.o)
                0x0206d374                strcspn
 .text          0x0206d398        0xc ../../../../include_lib/newlib/pi32v2-lib/libc.a(lib_a-strlen.o)
                0x0206d398                strlen
 .text          0x0206d3a4       0x1a ../../../../include_lib/newlib/pi32v2-lib/libc.a(lib_a-strncmp.o)
                0x0206d3a4                strncmp
 .text          0x0206d3be       0x24 ../../../../include_lib/newlib/pi32v2-lib/libc.a(lib_a-strspn.o)
                0x0206d3be                strspn
 .text          0x0206d3e2       0x2a ../../../../include_lib/newlib/pi32v2-lib/libc.a(lib_a-strstr.o)
                0x0206d3e2                strstr
 .text          0x0206d40c      0x108 ../../../../include_lib/newlib/pi32v2-lib/libc.a(lib_a-strtol.o)
                0x0206d40c                _strtol_r
                0x0206d4fc                strtol
 .text          0x0206d514        0x0 ../../../../include_lib/newlib/pi32v2-lib/libc.a(lib_a-ctype_.o)
 .text          0x0206d514        0x0 ../../../../include_lib/newlib/pi32v2-lib/libc.a(lib_a-impure.o)
 .text          0x0206d514      0x30e ../../../../include_lib/newlib/pi32v2-lib/libcompiler_rt.a(adddf3.o)
                0x0206d542                __adddf3
 .text          0x0206d822      0x1b8 ../../../../include_lib/newlib/pi32v2-lib/libcompiler_rt.a(comparedf2.o)
                0x0206d822                __ledf2
                0x0206d822                __cmpdf2
                0x0206d8d2                __gedf2
                0x0206d97a                __unorddf2
                0x0206d9ba                __eqdf2
                0x0206d9c2                __ltdf2
                0x0206d9ca                __nedf2
                0x0206d9d2                __gtdf2
 .text          0x0206d9da       0x54 ../../../../include_lib/newlib/pi32v2-lib/libcompiler_rt.a(fixdfsi.o)
                0x0206d9da                __fixdfsi
 .text          0x0206da2e       0x4c ../../../../include_lib/newlib/pi32v2-lib/libcompiler_rt.a(floatsidf.o)
                0x0206da2e                __floatsidf
 .text          0x0206da7a      0x2ec ../../../../include_lib/newlib/pi32v2-lib/libcompiler_rt.a(muldf3.o)
                0x0206daa2                __muldf3
 .text          0x0206dd66        0xc ../../../../include_lib/newlib/pi32v2-lib/libcompiler_rt.a(subdf3.o)
                0x0206dd66                __subdf3
 .text          0x0206dd72        0x0 ../../../../cpu/wl82/liba/event.a(version.z.o)
 .text          0x0206dd72       0x78 ../../../../cpu/wl82/liba/system.a(port_asm.S.o)
                0x0206dd72                vSoftwareInterruptISR
 .text          0x0206ddea        0x0 ../../../../cpu/wl82/liba/system.a(movable.S.o)
 .text          0x0206ddea        0x0 ../../../../cpu/wl82/liba/system.a(version.z.o)
 .text          0x0206ddea        0x0 ../../../../cpu/wl82/liba/fs.a(version.z.o)
 .text          0x0206ddea        0x0 ../../../../cpu/wl82/liba/cfg_tool.a(version.z.o)
 .text          0x0206ddea        0x0 ../../../../cpu/wl82/liba/cpu.a(version.z.o)
 .text          0x0206ddea        0x0 ../../../../cpu/wl82/liba/update.a(version.z.o)
 .text          0x0206ddea        0x0 ../../../../cpu/wl82/liba/common_lib.a(version.z.o)
 .text          0x0206ddea        0x0 ../../../../cpu/wl82/liba/wl_rf_common.a(version.z.o)
 .text          0x0206ddea        0x0 ../../../../cpu/wl82/liba/audio_server.a(version.z.o)
 .text          0x0206ddea        0x0 ../../../../cpu/wl82/liba/libvad.a(version.z.o)
 .text          0x0206ddea        0x0 ../../../../cpu/wl82/liba/lib_ape_dec.a(ape_dec_asm.o)
 .text          0x0206ddea        0x0 ../../../../cpu/wl82/liba/lib_dts_dec.a(dts_dec.o)
 .text          0x0206ddea        0x0 ../../../../cpu/wl82/liba/lib_adpcm_enc.a(en_adpcm_main.o)
 .text          0x0206ddea        0x0 ../../../../cpu/wl82/liba/lib_adpcm_enc.a(en_adpcm.o)
 .text          0x0206ddea        0x0 ../../../../cpu/wl82/liba/net_server.a(version.z.o)
 .text          0x0206ddea        0x0 ../../../../cpu/wl82/liba/video_rec_server.a(version.z.o)
 .text          0x0206ddea        0x0 ../../../../cpu/wl82/liba/lwip_2_1_3.a(version.z.o)
 .text          0x0206ddea        0x0 ../../../../cpu/wl82/liba/wl_wifi_sta.a(version.z.o)
 .text          0x0206ddea        0x0 ../../../../cpu/wl82/liba/zliblite.a(version.z.o)
 .text          0x0206ddea        0x0 ../../../../cpu/wl82/liba/profile.a(version.z.o)
 .text          0x0206ddea        0x0 ../../../../cpu/wl82/liba/stream_media_server.a(version.z.o)
 .text          0x0206ddea        0x0 ../../../../cpu/wl82/liba/libmbedtls_2_2_1.a(version.z.o)
 .text          0x0206ddea        0x0 ../../../../cpu/wl82/liba/wolfssl.a(version.z.o)
 .text          0x0206ddea        0x0 ../../../../cpu/wl82/liba/wpasupplicant.a(version.z.o)
 .text          0x0206ddea        0x0 ../../../../cpu/wl82/liba/hsm.a(version.z.o)
 .text          0x0206ddea        0x0 ../../../../cpu/wl82/liba/http_cli.a(version.z.o)
 .text          0x0206ddea        0x0 ../../../../cpu/wl82/liba/http_server.a(version.z.o)
 .text          0x0206ddea        0x0 ../../../../cpu/wl82/liba/json.a(version.z.o)
 .text          0x0206ddea        0x0 ../../../../cpu/wl82/liba/libduer-device.a(version.z.o)
 .text          0x0206ddea        0x0 ../../../../cpu/wl82/liba/network_download.a(version.z.o)
 .text          0x0206ddea        0x0 ../../../../cpu/wl82/liba/lib_mqtt.a(version.z.o)
 .text          0x0206ddea        0x0 ../../../../cpu/wl82/liba/libturing.a(version.z.o)
 .text          0x0206ddea        0x0 ../../../../cpu/wl82/liba/libdui.a(version.z.o)
 .text          0x0206ddea        0x0 ../../../../cpu/wl82/liba/libJlCloud.a(version.z.o)
 .text          0x0206ddea        0x0 ../../../../cpu/wl82/liba/libecho_cloud.a(version.z.o)
 .text          0x0206ddea        0x0 ../../../../cpu/wl82/liba/libmpeg.a(version.z.o)
 .text          0x0206ddea        0x0 ../../../../cpu/wl82/liba/libdcl.a(version.z.o)
 .text          0x0206ddea        0x0 ../../../../cpu/wl82/liba/libdlna.a(version.z.o)
 .text          0x0206ddea        0x0 ../../../../cpu/wl82/liba/libwt.a(version.z.o)
 .text          0x0206ddea        0x0 ../../../../cpu/wl82/liba/libtencent.a(version.z.o)
 .text          0x0206ddea        0x0 ../../../../cpu/wl82/liba/websocket.a(version.z.o)
 .text          0x0206ddea        0x0 ../../../../cpu/wl82/liba/iperf.a(version.z.o)
 .text          0x0206ddea        0x0 ../../../../cpu/wl82/liba/tmallgenie_todo.a(version.z.o)
 .text          0x0206ddea        0x0 ../../../../cpu/wl82/liba/cJSON.a(version.z.o)
 .text          0x0206ddea        0x0 ../../../../cpu/wl82/liba/ftpserver_new.a(version.z.o)
 .text          0x0206ddea        0x0 ../../../../cpu/wl82/liba/btctrler.a(version.z.o)
 .text          0x0206ddea        0x0 ../../../../cpu/wl82/liba/btstack.a(version.z.o)
 .text          0x0206ddea        0x0 ../../../../cpu/wl82/liba/lib_ccm_aes.a(version.z.o)
 .text          0x0206ddea        0x0 ../../../../cpu/wl82/liba/lib_sig_mesh.a(version.z.o)
 .text          0x0206ddea        0x0 ../../../../cpu/wl82/liba/crypto_toolbox_Osize.a(version.z.o)
 .text          0x0206ddea        0x0 ../../../../cpu/wl82/liba/video_dec_server.a(version.z.o)
 .text          0x0206ddea        0x0 ../../../../cpu/wl82/liba/ui.a(version.z.o)
 .text          0x0206ddea        0x0 ../../../../cpu/wl82/liba/res.a(version.z.o)
 .text          0x0206ddea        0x0 ../../../../cpu/wl82/liba/font.a(version.z.o)
 .text          0x0206ddea        0x0 ../../../../cpu/wl82/liba/ui_draw.a(version.z.o)
 .text          0x0206ddea      0x10c ../../../../include_lib/newlib/pi32v2-lib/libm.a(lib_a-s_ceil.o)
                0x0206ddea                ceil
 .text          0x0206def6       0x8e ../../../../include_lib/newlib/pi32v2-lib/libm.a(lib_a-s_modf.o)
                0x0206def6                modf
 .text          0x0206df84        0x4 ../../../../include_lib/newlib/pi32v2-lib/libm.a(lib_a-w_exp.o)
                0x0206df84                exp
 .text          0x0206df88      0x280 ../../../../include_lib/newlib/pi32v2-lib/libm.a(lib_a-e_exp.o)
                0x0206df88                __ieee754_exp
 .text          0x0206e208       0x1a ../../../../include_lib/newlib/pi32v2-lib/libc.a(lib_a-islower.o)
                0x0206e208                islower
 .text          0x0206e222       0x12 ../../../../include_lib/newlib/pi32v2-lib/libc.a(lib_a-isspace.o)
                0x0206e222                isspace
 .text          0x0206e234       0xc2 ../../../../include_lib/newlib/pi32v2-lib/libc.a(lib_a-memcpy.o)
                0x0206e234                memcpy
                0x0206e234                memmove
 .text          0x0206e2f6       0x28 ../../../../include_lib/newlib/pi32v2-lib/libc.a(lib_a-memmem.o)
                0x0206e2f6                memmem
 .text          0x0206e31e       0x2c ../../../../include_lib/newlib/pi32v2-lib/libc.a(lib_a-memset.o)
                0x0206e31e                memset
 .text          0x0206e34a      0x2ae ../../../../include_lib/newlib/pi32v2-lib/libc.a(lib_a-qsort.o)
                0x0206e3b4                qsort
 .text          0x0206e5f8       0x4e ../../../../include_lib/newlib/pi32v2-lib/libc.a(lib_a-rand.o)
                0x0206e5f8                srand
                0x0206e608                rand
 .text          0x0206e646       0x3e ../../../../include_lib/newlib/pi32v2-lib/libc.a(lib_a-strcasecmp.o)
                0x0206e646                strcasecmp
 .text          0x0206e684       0x18 ../../../../include_lib/newlib/pi32v2-lib/libc.a(lib_a-strcat.o)
                0x0206e684                strcat
 .text          0x0206e69c       0x46 ../../../../include_lib/newlib/pi32v2-lib/libc.a(lib_a-strncasecmp.o)
                0x0206e69c                strncasecmp
 .text          0x0206e6e2       0x26 ../../../../include_lib/newlib/pi32v2-lib/libc.a(lib_a-strncpy.o)
                0x0206e6e2                strncpy
 .text          0x0206e708       0x36 ../../../../include_lib/newlib/pi32v2-lib/libc.a(lib_a-strpbrk.o)
                0x0206e708                strpbrk
 .text          0x0206e73e       0x24 ../../../../include_lib/newlib/pi32v2-lib/libc.a(lib_a-strrchr.o)
                0x0206e73e                strrchr
 .text          0x0206e762        0xa ../../../../include_lib/newlib/pi32v2-lib/libc.a(lib_a-strsep.o)
                0x0206e762                strsep
 .text          0x0206e76c       0x54 ../../../../include_lib/newlib/pi32v2-lib/libc.a(lib_a-strtok_r.o)
                0x0206e76c                __strtok_r
                0x0206e7bc                strtok_r
 .text          0x0206e7c0       0xfe ../../../../include_lib/newlib/pi32v2-lib/libc.a(lib_a-strtoul.o)
                0x0206e7c0                _strtoul_r
                0x0206e8a6                strtoul
 .text          0x0206e8be       0x1e ../../../../include_lib/newlib/pi32v2-lib/libc.a(lib_a-tolower.o)
                0x0206e8be                tolower
 .text          0x0206e8dc      0x338 ../../../../include_lib/newlib/pi32v2-lib/libcompiler_rt.a(divdf3.o)
                0x0206e904                __divdf3
 .text          0x0206ec14       0x5c ../../../../include_lib/newlib/pi32v2-lib/libcompiler_rt.a(divdi3.o)
                0x0206ec14                __divdi3
 .text          0x0206ec70       0x7a ../../../../include_lib/newlib/pi32v2-lib/libcompiler_rt.a(extendsfdf2.o)
                0x0206ec70                __extendsfdf2
 .text          0x0206ecea       0x3a ../../../../include_lib/newlib/pi32v2-lib/libcompiler_rt.a(floatdidf.o)
                0x0206ecea                __floatdidf
 .text          0x0206ed24       0x34 ../../../../include_lib/newlib/pi32v2-lib/libcompiler_rt.a(floatunsidf.o)
                0x0206ed24                __floatunsidf
 .text          0x0206ed58      0x146 ../../../../include_lib/newlib/pi32v2-lib/libcompiler_rt.a(truncdfsf2.o)
                0x0206ed58                __truncdfsf2
 .text          0x0206ee9e       0x12 ../../../../include_lib/newlib/pi32v2-lib/libcompiler_rt.a(udivdi3.o)
                0x0206ee9e                __udivdi3
 .text          0x0206eeb0      0x226 ../../../../include_lib/newlib/pi32v2-lib/libcompiler_rt.a(udivmoddi4.o)
                0x0206eeb0                __udivmoddi4
 *(.rodata*)
 *fill*         0x0206f0d6        0xa 
 .rodata        0x0206f0e0    0x45f50 ../../../../cpu/wl82/tools/sdk.elf.o
 .rodata.str1.16
                0x020b5030      0xad0 ../../../../cpu/wl82/tools/sdk.elf.o
                                0xac2 (size before relaxing)
 .rodata.str1.1
                0x020b5b00     0x303e ../../../../cpu/wl82/tools/sdk.elf.o
                               0x3067 (size before relaxing)
 .rodata.cst16  0x020b8b3e       0x20 ../../../../cpu/wl82/tools/sdk.elf.o
 *fill*         0x020b8b5e        0x2 
 .rodata.cst32  0x020b8b60       0xa0 ../../../../cpu/wl82/tools/sdk.elf.o
 .rodata.str4.4
                0x020b8c00       0x48 ../../../../cpu/wl82/tools/sdk.elf.o
 .rodata._ZTV15StaticAllocatorI9floatRealE
                0x020b8c48       0x10 ../../../../cpu/wl82/tools/sdk.elf.o
 .rodata.cst8   0x020b8c58        0x8 ../../../../cpu/wl82/tools/sdk.elf.o
 .rodata.cst8   0x020b8c60       0x18 ../../../../include_lib/newlib/pi32v2-lib/libm.a(lib_a-ef_exp.o)
 .rodata.str1.1
                0x020b8c78        0x0 ../../../../include_lib/newlib/pi32v2-lib/libm.a(lib_a-ef_pow.o)
                                  0x1 (size before relaxing)
 .rodata.cst8   0x020b8c78       0x18 ../../../../include_lib/newlib/pi32v2-lib/libm.a(lib_a-ef_pow.o)
 .rodata        0x020b8c90      0x398 ../../../../include_lib/newlib/pi32v2-lib/libm.a(lib_a-ef_rem_pio2.o)
 .rodata        0x020b9028      0x188 ../../../../include_lib/newlib/pi32v2-lib/libm.a(lib_a-e_rem_pio2.o)
 .rodata        0x020b91b0       0x38 ../../../../include_lib/newlib/pi32v2-lib/libm.a(lib_a-kf_rem_pio2.o)
 .rodata.cst16  0x020b91e8       0x10 ../../../../include_lib/newlib/pi32v2-lib/libm.a(lib_a-k_rem_pio2.o)
 .rodata        0x020b91f8       0x40 ../../../../include_lib/newlib/pi32v2-lib/libm.a(lib_a-k_rem_pio2.o)
 .rodata        0x020b9238      0x281 ../../../../include_lib/newlib/pi32v2-lib/libc.a(lib_a-ctype_.o)
                0x020b93b8                _ctype_
 *fill*         0x020b94b9        0x3 
 .rodata        0x020b94bc        0x4 ../../../../include_lib/newlib/pi32v2-lib/libc.a(lib_a-impure.o)
                0x020b94bc                _global_impure_ptr
 .rodata.str1.1
                0x020b94c0        0x2 ../../../../include_lib/newlib/pi32v2-lib/libc.a(lib_a-impure.o)
 *fill*         0x020b94c2        0x2 
 .rodata.cst16  0x020b94c4       0x30 ../../../../include_lib/newlib/pi32v2-lib/libm.a(lib_a-e_exp.o)
 *(.LOG_TAG_CONST*)
 *(.fat_data_code)
 .fat_data_code
                0x020b94f4      0x9b4 ../../../../cpu/wl82/tools/sdk.elf.o
                0x020b9ea8                . = ALIGN (0x4)
 *(.update_const)
 .update_const  0x020b9ea8       0x82 ../../../../cpu/wl82/tools/sdk.elf.o
 *(.update_code)
 .update_code   0x020b9f2a     0x183e ../../../../cpu/wl82/tools/sdk.elf.o
 *(.bt_updata_ram_code)
                0x020bb768                . = ALIGN (0x4)
                0x020bb768                __VERSION_BEGIN = .
 *(.sys.version)
 .sys.version   0x020bb768       0x1a objs/include_lib/btctrler/version.z.S.o
 .sys.version   0x020bb782       0x19 objs/include_lib/btstack/version.z.S.o
                0x020bb782                include_lib_btstack_version
 .sys.version   0x020bb79b       0x18 objs/include_lib/driver/version.z.S.o
                0x020bb79b                include_lib_driver_version
 .sys.version   0x020bb7b3       0x17 objs/include_lib/media/version.z.S.o
                0x020bb7b3                include_lib_media_version
 .sys.version   0x020bb7ca       0x15 objs/include_lib/net/version.z.S.o
                0x020bb7ca                include_lib_net_version
 .sys.version   0x020bb7df       0x18 objs/include_lib/server/version.z.S.o
                0x020bb7df                include_lib_server_version
 .sys.version   0x020bb7f7       0x18 objs/include_lib/system/version.z.S.o
                0x020bb7f7                include_lib_system_version
 .sys.version   0x020bb80f       0x18 objs/include_lib/update/version.z.S.o
                0x020bb80f                include_lib_update_version
 .sys.version   0x020bb827       0x17 objs/include_lib/utils/version.z.S.o
                0x020bb827                include_lib_utils_version
 .sys.version   0x020bb83e        0xe objs/lib/net/version.z.S.o
                0x020bb83e                lib_net_version
 .sys.version   0x020bb84c       0x10 objs/lib/server/version.z.S.o
                0x020bb84c                lib_server_version
 .sys.version   0x020bb85c        0xf objs/lib/utils/version.z.S.o
                0x020bb85c                lib_utils_version
 .sys.version   0x020bb86b        0x0 ../../../../cpu/wl82/liba/event.a(version.z.o)
                0x020bb86b                lib_event_version
 .sys.version   0x020bb86b       0x10 ../../../../cpu/wl82/liba/system.a(version.z.o)
                0x020bb86b                lib_system_version
 .sys.version   0x020bb87b        0x0 ../../../../cpu/wl82/liba/fs.a(version.z.o)
                0x020bb87b                lib_fs_version
 .sys.version   0x020bb87b        0x0 ../../../../cpu/wl82/liba/cfg_tool.a(version.z.o)
                0x020bb87b                lib_cfg_tool_version
 .sys.version   0x020bb87b       0x10 ../../../../cpu/wl82/liba/cpu.a(version.z.o)
                0x020bb87b                lib_driver_version
 .sys.version   0x020bb88b       0x10 ../../../../cpu/wl82/liba/update.a(version.z.o)
                0x020bb88b                lib_update_version
 .sys.version   0x020bb89b        0x0 ../../../../cpu/wl82/liba/common_lib.a(version.z.o)
                0x020bb89b                lib_common_version
 .sys.version   0x020bb89b        0x0 ../../../../cpu/wl82/liba/wl_rf_common.a(version.z.o)
                0x020bb89b                lib_wl82_rf_version
 .sys.version   0x020bb89b        0x0 ../../../../cpu/wl82/liba/audio_server.a(version.z.o)
                0x020bb89b                lib_audio_server_version
 .sys.version   0x020bb89b        0x0 ../../../../cpu/wl82/liba/libvad.a(version.z.o)
                0x020bb89b                lib_device_vad_version
 .sys.version   0x020bb89b        0x0 ../../../../cpu/wl82/liba/net_server.a(version.z.o)
                0x020bb89b                lib_net_server_version
 .sys.version   0x020bb89b        0x0 ../../../../cpu/wl82/liba/video_rec_server.a(version.z.o)
                0x020bb89b                lib_video_rec_version
 .sys.version   0x020bb89b        0x0 ../../../../cpu/wl82/liba/lwip_2_1_3.a(version.z.o)
                0x020bb89b                lib_lwip_2_1_3_version
 .sys.version   0x020bb89b        0x0 ../../../../cpu/wl82/liba/wl_wifi_sta.a(version.z.o)
                0x020bb89b                lib_wifi_version
 .sys.version   0x020bb89b        0x0 ../../../../cpu/wl82/liba/zliblite.a(version.z.o)
                0x020bb89b                lib_zliblite_version
 .sys.version   0x020bb89b        0x0 ../../../../cpu/wl82/liba/profile.a(version.z.o)
                0x020bb89b                lib_profile_version
 .sys.version   0x020bb89b        0x0 ../../../../cpu/wl82/liba/stream_media_server.a(version.z.o)
                0x020bb89b                lib_media_server_version
 .sys.version   0x020bb89b        0x0 ../../../../cpu/wl82/liba/libmbedtls_2_2_1.a(version.z.o)
                0x020bb89b                lib_mbedtls_2_2_1_version
 .sys.version   0x020bb89b        0x0 ../../../../cpu/wl82/liba/wolfssl.a(version.z.o)
                0x020bb89b                lib_wolfssl_version
 .sys.version   0x020bb89b        0x0 ../../../../cpu/wl82/liba/wpasupplicant.a(version.z.o)
                0x020bb89b                lib_wpa_supplicant_version
 .sys.version   0x020bb89b        0x0 ../../../../cpu/wl82/liba/hsm.a(version.z.o)
                0x020bb89b                lib_hsm_version
 .sys.version   0x020bb89b        0x0 ../../../../cpu/wl82/liba/http_cli.a(version.z.o)
                0x020bb89b                lib_httpcli_version
 .sys.version   0x020bb89b        0x0 ../../../../cpu/wl82/liba/http_server.a(version.z.o)
                0x020bb89b                lib_http_server_version
 .sys.version   0x020bb89b        0x0 ../../../../cpu/wl82/liba/json.a(version.z.o)
                0x020bb89b                lib_json_c_version
 .sys.version   0x020bb89b        0x0 ../../../../cpu/wl82/liba/libduer-device.a(version.z.o)
                0x020bb89b                lib_duer_version
 .sys.version   0x020bb89b        0x0 ../../../../cpu/wl82/liba/network_download.a(version.z.o)
                0x020bb89b                lib_network_download_version
 .sys.version   0x020bb89b        0x0 ../../../../cpu/wl82/liba/lib_mqtt.a(version.z.o)
                0x020bb89b                lib_mqtt_version
 .sys.version   0x020bb89b        0x0 ../../../../cpu/wl82/liba/libturing.a(version.z.o)
                0x020bb89b                lib_turing_version
 .sys.version   0x020bb89b        0x0 ../../../../cpu/wl82/liba/libdui.a(version.z.o)
                0x020bb89b                lib_dui_version
 .sys.version   0x020bb89b        0x0 ../../../../cpu/wl82/liba/libJlCloud.a(version.z.o)
                0x020bb89b                lib_jl_cloud_version
 .sys.version   0x020bb89b        0x0 ../../../../cpu/wl82/liba/libecho_cloud.a(version.z.o)
                0x020bb89b                lib_echocloud_version
 .sys.version   0x020bb89b        0x0 ../../../../cpu/wl82/liba/libmpeg.a(version.z.o)
                0x020bb89b                lib_mpeg_version
 .sys.version   0x020bb89b        0x0 ../../../../cpu/wl82/liba/libdcl.a(version.z.o)
                0x020bb89b                lib_dcl_version
 .sys.version   0x020bb89b        0x0 ../../../../cpu/wl82/liba/libdlna.a(version.z.o)
                0x020bb89b                lib_dlna_version
 .sys.version   0x020bb89b        0x0 ../../../../cpu/wl82/liba/libwt.a(version.z.o)
                0x020bb89b                lib_wt_version
 .sys.version   0x020bb89b        0x0 ../../../../cpu/wl82/liba/libtencent.a(version.z.o)
                0x020bb89b                lib_tencent_version
 .sys.version   0x020bb89b        0x0 ../../../../cpu/wl82/liba/websocket.a(version.z.o)
                0x020bb89b                lib_websocket_version
 .sys.version   0x020bb89b        0x0 ../../../../cpu/wl82/liba/iperf.a(version.z.o)
                0x020bb89b                lib_iperf_version
 .sys.version   0x020bb89b        0x0 ../../../../cpu/wl82/liba/tmallgenie_todo.a(version.z.o)
                0x020bb89b                lib_tmallgenie_version
 .sys.version   0x020bb89b        0x0 ../../../../cpu/wl82/liba/cJSON.a(version.z.o)
                0x020bb89b                lib_cjson_version
 .sys.version   0x020bb89b        0x0 ../../../../cpu/wl82/liba/ftpserver_new.a(version.z.o)
                0x020bb89b                lib_ftpserver_version
 .sys.version   0x020bb89b       0x12 ../../../../cpu/wl82/liba/btctrler.a(version.z.o)
                0x020bb89b                lib_btctler_version
 .sys.version   0x020bb8ad       0x11 ../../../../cpu/wl82/liba/btstack.a(version.z.o)
                0x020bb8ad                lib_btstack_version
 .sys.version   0x020bb8be        0x0 ../../../../cpu/wl82/liba/lib_ccm_aes.a(version.z.o)
                0x020bb8be                lib_crcm_version
 .sys.version   0x020bb8be        0x0 ../../../../cpu/wl82/liba/lib_sig_mesh.a(version.z.o)
                0x020bb8be                lib_btmesh_version
 .sys.version   0x020bb8be        0x0 ../../../../cpu/wl82/liba/crypto_toolbox_Osize.a(version.z.o)
                0x020bb8be                lib_cryto_toolbox_version
 .sys.version   0x020bb8be        0x0 ../../../../cpu/wl82/liba/video_dec_server.a(version.z.o)
                0x020bb8be                lib_video_dec_version
 .sys.version   0x020bb8be        0x0 ../../../../cpu/wl82/liba/ui.a(version.z.o)
                0x020bb8be                lib_ui_version
 .sys.version   0x020bb8be        0x0 ../../../../cpu/wl82/liba/res.a(version.z.o)
                0x020bb8be                lib_res_version
 .sys.version   0x020bb8be        0x0 ../../../../cpu/wl82/liba/font.a(version.z.o)
                0x020bb8be                lib_font_version
 .sys.version   0x020bb8be        0x0 ../../../../cpu/wl82/liba/ui_draw.a(version.z.o)
                0x020bb8be                lib_ui_draw_version
                0x020bb8be                __VERSION_END = .
                0x020bb8be                crypto_begin = .
 *(.crypto_ecdh_code)
 *(.crypto_ecdh_const)
 *(.crypto_bigint_code)
 .crypto_bigint_code
                0x020bb8be      0x434 ../../../../cpu/wl82/tools/sdk.elf.o
 *(.crypto_bigint_const)
 *(.crypto_code)
 .crypto_code   0x020bbcf2      0x42e ../../../../cpu/wl82/tools/sdk.elf.o
 *(.crypto_const)
 .crypto_const  0x020bc120      0x171 ../../../../cpu/wl82/tools/sdk.elf.o
 *(.ECDH_sample_code)
 *(.ECDH_sample_const)
 *(.uECC_code)
 *fill*         0x020bc291        0x1 
 .uECC_code     0x020bc292      0xc16 ../../../../cpu/wl82/tools/sdk.elf.o
 *(.uECC_const)
 .uECC_const    0x020bcea8       0xb0 ../../../../cpu/wl82/tools/sdk.elf.o
 *(.hmac_code)
 .hmac_code     0x020bcf58      0x41c ../../../../cpu/wl82/tools/sdk.elf.o
 *(.hmac_const)
 *(.hash_sample_code)
 *(.hash_sample_const)
 *(.aes_cmac_sample_code)
 *(.aes_cmac_sample_const)
                0x020bd374                crypto_end = .
                0x00001ab6                crypto_size = (. - crypto_begin)
 *(.jlsp_code)
 .jlsp_code     0x020bd374     0x2564 ../../../../cpu/wl82/tools/sdk.elf.o
                0x020bf8d8                . = ALIGN (0x4)
 *(.jlsp_const)
 .jlsp_const    0x020bf8d8      0x484 ../../../../cpu/wl82/tools/sdk.elf.o
                0x020bfd5c                . = ALIGN (0x4)
 *(.dns_common_data)
 .dns_common_data
                0x020bfd5c     0x4e00 ../../../../cpu/wl82/tools/sdk.elf.o
                0x020c4b5c                . = ALIGN (0x4)
 *(.dns_16k_data)
 .dns_16k_data  0x020c4b5c     0x3700 ../../../../cpu/wl82/tools/sdk.elf.o
                0x020c825c                . = ALIGN (0x4)
 *(.dns_8k_data)
 .dns_8k_data   0x020c825c     0x3700 ../../../../cpu/wl82/tools/sdk.elf.o
                0x020cb95c                . = ALIGN (0x4)
 *(.dns_param_data_single)
 .dns_param_data_single
                0x020cb95c      0x1f8 ../../../../cpu/wl82/tools/sdk.elf.o
                0x020cbb54                . = ALIGN (0x4)
 *(.dns_param_data_dual)
 *(.sms_code)
 .sms_code      0x020cbb54      0x7da ../../../../cpu/wl82/tools/sdk.elf.o
 *(.sms_sparse_code)
 .sms_sparse_code
                0x020cc32e      0x74a ../../../../cpu/wl82/tools/sdk.elf.o
                0x020cca78                . = ALIGN (0x4)
 *(.opcore_maskrom)
 .opcore_maskrom
                0x020cca78      0x768 ../../../../cpu/wl82/tools/sdk.elf.o
                0x020cd1e0                . = ALIGN (0x4)
 *(.sms_const)
 .sms_const     0x020cd1e0        0x8 ../../../../cpu/wl82/tools/sdk.elf.o
 *(.audio_vbass_code)
 *(.audio_vbass_const)
 *(.vbss_code)
 .vbss_code     0x020cd1e8      0x9ae ../../../../cpu/wl82/tools/sdk.elf.o
 *(.vbss_const)
 *(.vbss_sparse_code)
 .vbss_sparse_code
                0x020cdb96      0x17c ../../../../cpu/wl82/tools/sdk.elf.o
 *(.vbss_sparse_const)
 .vbss_sparse_const
                0x020cdd12       0xca ../../../../cpu/wl82/tools/sdk.elf.o
 *(.adpcm_encode_code)
 .adpcm_encode_code
                0x020cdddc      0x508 ../../../../cpu/wl82/liba/lib_adpcm_enc.a(en_adpcm.o)
                0x020cde52                adpcm_coder
 *(.adpcm_encode_sparse_code)
 .adpcm_encode_sparse_code
                0x020ce2e4      0x17a ../../../../cpu/wl82/liba/lib_adpcm_enc.a(en_adpcm_main.o)
                0x020ce456                get_msenadpcm_ops
 *(.adpcm_encode_const)
 *fill*         0x020ce45e        0x2 
 .adpcm_encode_const
                0x020ce460       0x18 ../../../../cpu/wl82/liba/lib_adpcm_enc.a(en_adpcm_main.o)
                0x020ce460                msadpcmcontobj_ops
 .adpcm_encode_const
                0x020ce478       0x78 ../../../../cpu/wl82/liba/lib_adpcm_enc.a(en_adpcm.o)
                0x020ce478                ms_AdaptCoeff1
                0x020ce494                ms_AdaptCoeff2
 *(.adpcm_encode_sparse_const)
 *(.dts_dec_code)
 .dts_dec_code  0x020ce4f0     0x14c8 ../../../../cpu/wl82/tools/sdk.elf.o
 .dts_dec_code  0x020cf9b8      0x158 ../../../../cpu/wl82/liba/lib_dts_dec.a(dts_dec.o)
                0x020cf9b8                qmf_32_subbands
 *(.dts_dec_const)
 .dts_dec_const
                0x020cfb10     0x9100 ../../../../cpu/wl82/tools/sdk.elf.o
 *(.dts_dec_ff_const)
 .dts_dec_ff_const
                0x020d8c10    0x11000 ../../../../cpu/wl82/tools/sdk.elf.o
 *(.dts_dec_sparse_code)
 .dts_dec_sparse_code
                0x020e9c10      0x280 ../../../../cpu/wl82/tools/sdk.elf.o
 *(.dts_dec_sparse_const)
 *(.wtgv2dec_code)
 .wtgv2dec_code
                0x020e9e90     0x2062 ../../../../cpu/wl82/tools/sdk.elf.o
 *(.wtg_decv2_sparse_code)
 .wtg_decv2_sparse_code
                0x020ebef2      0x1e6 ../../../../cpu/wl82/tools/sdk.elf.o
 *(.wtgv2dec_const)
 .wtgv2dec_const
                0x020ec0d8     0x1580 ../../../../cpu/wl82/tools/sdk.elf.o
 *(.wtgv2dec_str)
 .wtgv2dec_str  0x020ed658        0x6 ../../../../cpu/wl82/tools/sdk.elf.o
 *(.mp3_dec_sparse_code)
 .mp3_dec_sparse_code
                0x020ed65e     0x1918 ../../../../cpu/wl82/tools/sdk.elf.o
 *(.mp3_dec_sparse_const)
 *(.mp3_dec_code)
 .mp3_dec_code  0x020eef76     0x2ee6 ../../../../cpu/wl82/tools/sdk.elf.o
 *(.mp3_dec_const)
 .mp3_dec_const
                0x020f1e5c     0x290a ../../../../cpu/wl82/tools/sdk.elf.o
 *(.flac_dec_sparse_code)
 .flac_dec_sparse_code
                0x020f4766      0x538 ../../../../cpu/wl82/tools/sdk.elf.o
 *(.flac_dec_sparse_const)
 *(.flac_dec_code)
 .flac_dec_code
                0x020f4c9e     0x17de ../../../../cpu/wl82/tools/sdk.elf.o
 *(.flac_dec_const)
 .flac_dec_const
                0x020f647c      0x12c ../../../../cpu/wl82/tools/sdk.elf.o
 *(.crossOver_sparse_code)
 .crossOver_sparse_code
                0x020f65a8       0x2c ../../../../cpu/wl82/tools/sdk.elf.o
 *(.wav_dec_sparse_code)
 .wav_dec_sparse_code
                0x020f65d4      0x6c0 ../../../../cpu/wl82/tools/sdk.elf.o
 *(.wav_dec_sparse_const)
 *(.wav_dec_code)
 .wav_dec_code  0x020f6c94     0x160a ../../../../cpu/wl82/tools/sdk.elf.o
 *(.wav_dec_const)
 *fill*         0x020f829e        0x2 
 .wav_dec_const
                0x020f82a0      0x228 ../../../../cpu/wl82/tools/sdk.elf.o
 *(.wma_dec_code)
 .wma_dec_code  0x020f84c8     0x2daa ../../../../cpu/wl82/tools/sdk.elf.o
 *(.wma_dec_const)
 *fill*         0x020fb272        0x2 
 .wma_dec_const
                0x020fb274     0x4130 ../../../../cpu/wl82/tools/sdk.elf.o
 *(.wma_dec_sparse_code)
 .wma_dec_sparse_code
                0x020ff3a4     0x1238 ../../../../cpu/wl82/tools/sdk.elf.o
 *(.wma_dec_sparse_const)
 *(.ape_dec_code)
 .ape_dec_code  0x021005dc     0x13ee ../../../../cpu/wl82/tools/sdk.elf.o
 *fill*         0x021019ca        0x2 
 .ape_dec_code  0x021019cc      0x274 ../../../../cpu/wl82/liba/lib_ape_dec.a(ape_dec_asm.o)
                0x021019cc                do_apply_filter
                0x02101abc                predictor_decode_stereo
 *(.ape_dec_const)
 .ape_dec_const
                0x02101c40      0x17c ../../../../cpu/wl82/tools/sdk.elf.o
 *(.ape_dec_sparse_code)
 .ape_dec_sparse_code
                0x02101dbc      0x64c ../../../../cpu/wl82/tools/sdk.elf.o
 *(.ape_dec_sparse_const)
 *(.bt_audioplc_code)
 .bt_audioplc_code
                0x02102408      0x456 ../../../../cpu/wl82/tools/sdk.elf.o
 *(.bt_audioplc_sparse_code)
 .bt_audioplc_sparse_code
                0x0210285e       0x2c ../../../../cpu/wl82/tools/sdk.elf.o
 *(.bt_audioplc_const)
 *fill*         0x0210288a        0x2 
 .bt_audioplc_const
                0x0210288c        0xc ../../../../cpu/wl82/tools/sdk.elf.o
 *(.plc_code)
 *(.plc_const)
 *(.sbc_eng_code)
 .sbc_eng_code  0x02102898       0xc4 ../../../../cpu/wl82/tools/sdk.elf.o
                0x0210295c                . = ALIGN (0x4)
                0x0210295c                btctler_code_start = .
                0x0210295c                BTCTLER_CONTROLLER_CODE_START = .
 *(.bt_rf_const)
 .bt_rf_const   0x0210295c      0x240 ../../../../cpu/wl82/tools/sdk.elf.o
 *(.bt_rf_code)
 .bt_rf_code    0x02102b9c     0x147a ../../../../cpu/wl82/tools/sdk.elf.o
 *(.vendor_manager_const)
 *(.vendor_manager_code)
 *(.device_manager_const)
 *(.device_manager_code)
 *(.hci_controller_const)
 *fill*         0x02104016        0x2 
 .hci_controller_const
                0x02104018       0x28 ../../../../cpu/wl82/tools/sdk.elf.o
 *(.hci_controller_code)
 .hci_controller_code
                0x02104040      0x984 ../../../../cpu/wl82/tools/sdk.elf.o
 *(.hci_interface_const)
 *(.hci_interface_code)
                0x00002068                BTCTLER_CONTROLLER_CODE_SIZE = ABSOLUTE ((. - BTCTLER_CONTROLLER_CODE_START))
                0x021049c4                BTCTLER_LE_CONTROLLER_CODE_START = .
 *(.ble_rf_const)
 .ble_rf_const  0x021049c4       0x28 ../../../../cpu/wl82/tools/sdk.elf.o
 *(.ble_rf_code)
 .ble_rf_code   0x021049ec     0x3100 ../../../../cpu/wl82/tools/sdk.elf.o
 *(.ble_ll_const)
 .ble_ll_const  0x02107aec       0xf0 ../../../../cpu/wl82/tools/sdk.elf.o
 *(.ble_ll_code)
 .ble_ll_code   0x02107bdc     0x4280 ../../../../cpu/wl82/tools/sdk.elf.o
 *(.ble_hci_const)
 .ble_hci_const
                0x0210be5c       0x19 ../../../../cpu/wl82/tools/sdk.elf.o
 *(.ble_hci_code)
 *fill*         0x0210be75        0x1 
 .ble_hci_code  0x0210be76      0x770 ../../../../cpu/wl82/tools/sdk.elf.o
                0x00007c22                BTCTLER_LE_CONTROLLER_CODE_SIZE = ABSOLUTE ((. - BTCTLER_LE_CONTROLLER_CODE_START))
                0x0210c5e6                BTCTLER_CL_CODE_START = .
 *(.bredr_irq)
 *(.bredr_irq_code)
 *(.bredr_irq_const)
 *(.classic_lmp_const)
 .classic_lmp_const
                0x0210c5e6       0x14 ../../../../cpu/wl82/tools/sdk.elf.o
 *(.classic_lmp_linkbulk_const)
 *(.classic_lmp_code)
 .classic_lmp_code
                0x0210c5fa     0x95b8 ../../../../cpu/wl82/tools/sdk.elf.o
 *(.classic_lmp_linkbulk_code)
 *(.classic_hci_const)
 *(.classic_hci_code)
                0x02115bb2                LMP_ENC_CODE_START = .
 *(.classic_lmp_auth_const)
 .classic_lmp_auth_const
                0x02115bb2      0x4f0 ../../../../cpu/wl82/tools/sdk.elf.o
 *(.classic_lmp_bigint_const)
 *(.classic_lmp_crypt_const)
 *(.classic_lmp_ecdh_const)
 *(.classic_lmp_hmac_const)
 *(.classic_lmp_auth_code)
 .classic_lmp_auth_code
                0x021160a2      0x76c ../../../../cpu/wl82/tools/sdk.elf.o
 *(.classic_lmp_bigint_code)
 *(.classic_lmp_crypt_code)
 *(.classic_lmp_ecdh_code)
 *(.classic_lmp_hmac_code)
                0x00000c5c                LMP_ENC_CODE_SIZE = ABSOLUTE ((. - LMP_ENC_CODE_START))
 *(.classic_rf_const)
 *fill*         0x0211680e        0x2 
 .classic_rf_const
                0x02116810      0x741 ../../../../cpu/wl82/tools/sdk.elf.o
 *(.classic_rf_code)
 *fill*         0x02116f51        0x1 
 .classic_rf_code
                0x02116f52     0x6498 ../../../../cpu/wl82/tools/sdk.elf.o
 *(.classic_bb_const)
 *(.classic_bb_code)
                0x00010e04                BTCTLER_CL_CODE_SIZE = ABSOLUTE ((. - BTCTLER_CL_CODE_START))
                0x0211d3ec                . = ALIGN (0x4)
 *fill*         0x0211d3ea        0x2 
 *(.classic_tws_const)
 *(.classic_tws_code)
 .classic_tws_code
                0x0211d3ec       0x1a ../../../../cpu/wl82/tools/sdk.elf.o
 *(.classic_tws_code.esco)
 *(.tws_media_sync_code)
 *(.tws_media_sync_const)
 *(.tws_data_forward_code)
 *(.tws_data_forward_const)
                0x0211d408                . = ALIGN (0x4)
 *fill*         0x0211d406        0x2 
                0x0211d408                tws_func_stub_begin = .
 *(.tws_func_stub)
 .tws_func_stub
                0x0211d408        0x8 ../../../../cpu/wl82/tools/sdk.elf.o
                0x0211d410                tws_func_stub_end = .
 *(.lmp_irq_code)
 .lmp_irq_code  0x0211d410      0x254 ../../../../cpu/wl82/tools/sdk.elf.o
 *(.link_bulk_code)
 .link_bulk_code
                0x0211d664      0x6d6 ../../../../cpu/wl82/tools/sdk.elf.o
 *(.frame_irq_code)
                0x0211dd3c                . = ALIGN (0x4)
 *fill*         0x0211dd3a        0x2 
 *(.link_task_const)
 .link_task_const
                0x0211dd3c        0x8 ../../../../cpu/wl82/tools/sdk.elf.o
 *(.link_task_code)
 .link_task_code
                0x0211dd44      0xb86 ../../../../cpu/wl82/tools/sdk.elf.o
                0x0211e8cc                . = ALIGN (0x4)
 *fill*         0x0211e8ca        0x2 
 *(.classic_irq_const)
 *(.classic_irq_code)
                0x0211e8cc                . = ALIGN (0x4)
 *(.tws_irq_code)
                0x0211e8cc                . = ALIGN (0x4)
                0x0211e8cc                tws_sync_call_begin = .
 *(.tws_sync_call)
                0x0211e8cc                tws_sync_call_end = .
                0x0211e8cc                . = ALIGN (0x4)
                0x0211e8cc                tws_sync_channel_begin = .
 *(.tws_sync_channel.0)
 *(.tws_sync_channel.1)
 *(.tws_sync_channel.2)
 *(.tws_sync_channel.3)
 *(.tws_sync_channel.4)
 *(.tws_sync_channel.5)
 *(.tws_sync_channel.6)
 *(.tws_sync_channel.7)
 *(.tws_sync_channel.8)
 *(.tws_sync_channel.9)
 *(.tws_sync_channel.10)
 *(.tws_sync_channel.11)
 *(.tws_sync_channel.12)
 *(.tws_sync_channel.13)
                0x0211e8cc                tws_sync_channel_end = .
                0x0211e8cc                btctler_code_end = .
                0x0211e8cc                . = ALIGN (0x4)
                0x0211e8cc                . = ALIGN (0x4)
                0x0211e8cc                btstack_code_start = .
                0x0211e8cc                . = ALIGN (0x4)
                0x0211e8cc                a2dp_source_media_codec_begin = .
 *(.a2dp_source_media_codec)
 .a2dp_source_media_codec
                0x0211e8cc       0x30 ../../../../cpu/wl82/tools/sdk.elf.o
                0x0211e8cc                a2dp_source_jla_codec
                0x0211e8e4                a2dp_source_sbc_codec
                0x0211e8fc                a2dp_source_media_codec_end = .
                0x0211e8fc                a2dp_sink_media_probe_begin = .
 *(.a2dp_sink_media_probe)
                0x0211e8fc                a2dp_sink_media_probe_end = .
                0x0211e8fc                a2dp_sink_media_codec_begin = .
 *(.a2dp_sink_media_codec)
 .a2dp_sink_media_codec
                0x0211e8fc       0x30 ../../../../cpu/wl82/tools/sdk.elf.o
                0x0211e8fc                a2dp_1sbc_codec_private
                0x0211e914                a2dp_2aac_sink_codec
                0x0211e92c                a2dp_sink_media_codec_end = .
                0x0211e92c                a2dp_event_handler_begin = .
 *(.a2dp_event_handler)
 .a2dp_event_handler
                0x0211e92c       0x70 ../../../../cpu/wl82/tools/sdk.elf.o
                0x0211e92c                a2dp_sink_event_handler
                0x0211e948                a2dp_source_event_handler
                0x0211e964                acp_a2dp_event_handler
                0x0211e980                acp_a2dp_src_event_handler
                0x0211e99c                a2dp_event_handler_end = .
                0x0211e99c                sdp_record_item_begin = .
 *(.sdp_record_item)
 .sdp_record_item
                0x0211e99c       0x60 ../../../../cpu/wl82/tools/sdk.elf.o
                0x0211e99c                a2dp_sdp_record_item
                0x0211e9a8                a2dp_src_sdp_record_item
                0x0211e9b4                arp_ct_sdp_record_item
                0x0211e9c0                arp_ta_sdp_record_item
                0x0211e9cc                hfp_ag_sdp_record_item
                0x0211e9d8                pbap_sdp_record_item
                0x0211e9e4                spp_sdp_record_item
                0x0211e9f0                spp_user_sdp_record_item
                0x0211e9fc                sdp_record_item_end = .
                0x0211e9fc                bt_sleep_begin = .
 *(.bt_sleep)
 .bt_sleep      0x0211e9fc       0x78 ../../../../cpu/wl82/tools/sdk.elf.o
                0x0211e9fc                bt_suspend_a2dp_resumea2dp_release
                0x0211ea08                bt_suspend_avctp_resumeavctp_release
                0x0211ea14                bt_suspend_hfp_resumehfp_release
                0x0211ea20                bt_suspend_hid_resumehid_release
                0x0211ea2c                bt_suspend_spp_resumespp_release
                0x0211ea38                bt_suspend_iap_resumeiap_release
                0x0211ea44                bt_suspend_sdp_resumesdp_release
                0x0211ea50                bt_suspend_user_cmd_loop_resumeuser_cmd_loop_release
                0x0211ea5c                bt_suspend_spp_up_resumespp_up_release
                0x0211ea68                bt_suspend_pan_loop_resumepan_loop_release
                0x0211ea74                bt_sleep_end = .
 *(.bt_stack_const)
 .bt_stack_const
                0x0211ea74      0x5fc ../../../../cpu/wl82/tools/sdk.elf.o
 *(.bt_stack_code)
 .bt_stack_code
                0x0211f070     0xd9f8 ../../../../cpu/wl82/tools/sdk.elf.o
 *(.ble_db_const)
 *(.ble_db_code)
 .ble_db_code   0x0212ca68      0x1c0 ../../../../cpu/wl82/tools/sdk.elf.o
 *(.ble_sm_const)
 .ble_sm_const  0x0212cc28       0x73 ../../../../cpu/wl82/tools/sdk.elf.o
 *(.ble_sm_code)
 *fill*         0x0212cc9b        0x1 
 .ble_sm_code   0x0212cc9c     0x2202 ../../../../cpu/wl82/tools/sdk.elf.o
 *(.ble_att_const)
 .ble_att_const
                0x0212ee9e       0x17 ../../../../cpu/wl82/tools/sdk.elf.o
 *(.ble_att_code)
 *fill*         0x0212eeb5        0x1 
 .ble_att_code  0x0212eeb6      0x7c2 ../../../../cpu/wl82/tools/sdk.elf.o
 *(.ble_gatt_const)
 *(.ble_gatt_code)
 .ble_gatt_code
                0x0212f678      0xb6c ../../../../cpu/wl82/tools/sdk.elf.o
                0x021301e4                BTSTACK_LE_HOST_MESH_CODE_START = .
 *(.ble_mesh_code)
 *(.ble_mesh_tinycrypt_code)
 *(.ble_mesh_const)
 *(.ble_mesh_tinycrypt_const)
                0x00000000                BTSTACK_LE_HOST_MESH_CODE_SIZE = ABSOLUTE ((. - BTSTACK_LE_HOST_MESH_CODE_START))
                0x021301e4                btstack_code_end = .
                0x021301e4                . = ALIGN (0x4)
                0x00011918                BTSTACK_CODE_TOTAL_SIZE = (btstack_code_end - btstack_code_start)
                0x021301e4                . = ALIGN (0x4)
                0x021301e4                lcd_interface_begin = .
 *(.lcd_if_info)
                0x021301e4                lcd_interface_end = .
                0x021301e4                ui_style_begin = .
 *(.ui_style)
 .ui_style      0x021301e4       0x24 ../../../../cpu/wl82/tools/sdk.elf.o
                0x02130208                ui_style_end = .
                0x02130208                elm_event_handler_begin_JL = .
 *(.elm_event_handler_JL)
                0x02130208                elm_event_handler_end_JL = .
                0x02130208                elm_event_handler_begin_UPGRADE = .
 *(.elm_event_handler_UPGRADE)
                0x02130208                elm_event_handler_end_UPGRADE = .
                0x02130208                elm_event_handler_begin_DIAL = .
 *(.elm_event_handler_DIAL)
                0x02130208                elm_event_handler_end_DIAL = .
                0x02130208                control_event_handler_begin = .
 *(.control_event_handler)
                0x02130208                control_event_handler_end = .
                0x02130208                control_ops_begin = .
 *(.control_ops)
                0x02130208                control_ops_end = .
                0x02130208                battery_notify_begin = .
 *(.battery_notify)
                0x02130208                battery_notify_end = .
 *(*.rf.text.cache.L2.rf_trim)
 .rf.text.cache.L2.rf_trim
                0x02130208      0xdbc ../../../../cpu/wl82/tools/sdk.elf.o
                0x02130fe0                . = ALIGN (0x20)
 *fill*         0x02130fc4       0x1c 
                0x02130fe0                _text_rodata_end = .
                0x02130fe0                PROVIDE (text_rodata_end, .)

.jlsp_dns_code  0x02130fe0       0x42
 .jlsp_dns_code
                0x02130fe0       0x42 ../../../../cpu/wl82/tools/sdk.elf.o
                0x04000120                . = ORIGIN (sdram)

.data           0x04000120     0x1d38
                0x04000120                . = ALIGN (0x4)
 *(.jlsp_data)
 .jlsp_data     0x04000120        0xe ../../../../cpu/wl82/tools/sdk.elf.o
                0x04000130                . = ALIGN (0x4)
 *fill*         0x0400012e        0x2 
                0x04000130                _vfs_ops_begin = .
                0x04000130                PROVIDE (vfs_ops_begin, .)
 *(.vfs_operations)
 .vfs_operations
                0x04000130      0x258 ../../../../cpu/wl82/tools/sdk.elf.o
                0x04000130                nor_sdfile_vfs_ops
                0x040001a8                sdfile_vfs_ops
                0x04000220                sdfile_ext_vfs_ops
                0x04000298                fat_sdfile_fat_ops
                0x04000310                jl_fat_vfs_ops
                0x04000388                _vfs_ops_end = .
                0x04000388                PROVIDE (vfs_ops_end, .)
                0x04000388                _initcall_begin = .
                0x04000388                PROVIDE (initcall_begin, .)
 *(.initcall)
 .initcall      0x04000388        0x8 ../../../../cpu/wl82/tools/sdk.elf.o
                0x04000388                __initcall_app_update_init
                0x0400038c                __initcall_audio_server_init
                0x04000390                _initcall_end = .
                0x04000390                PROVIDE (initcall_end, .)
                0x04000390                _early_initcall_begin = .
                0x04000390                PROVIDE (early_initcall_begin, .)
 *(.early.initcall)
 .early.initcall
                0x04000390       0x20 ../../../../cpu/wl82/tools/sdk.elf.o
                0x04000390                __initcall___sd_mutex_init
                0x04000394                __initcall_app_version_check
                0x04000398                __initcall_usb_host_mutex_init
                0x0400039c                __initcall_usb_memory_init
                0x040003a0                __initcall_sys_event_init
                0x040003a4                __initcall_thread_fork_init
                0x040003a8                __initcall_sdfile_init
                0x040003ac                __initcall_ntp_client_init
                0x040003b0                _early_initcall_end = .
                0x040003b0                PROVIDE (early_initcall_end, .)
                0x040003b0                _late_initcall_begin = .
                0x040003b0                PROVIDE (late_initcall_begin, .)
 *(.late.initcall)
 .late.initcall
                0x040003b0        0xc ../../../../cpu/wl82/tools/sdk.elf.o
                0x040003b0                __initcall_config_save_flash
                0x040003b4                __initcall_UserAudioDeviceTaskStart
                0x040003b8                __initcall_sdk_meky_check
                0x040003bc                _late_initcall_end = .
                0x040003bc                PROVIDE (late_initcall_end, .)
                0x040003bc                _platform_initcall_begin = .
                0x040003bc                PROVIDE (platform_initcall_begin, .)
 *(.platform.initcall)
 .platform.initcall
                0x040003bc        0x4 ../../../../cpu/wl82/tools/sdk.elf.o
                0x040003bc                __initcall_syscfg_tools_init
                0x040003c0                _platform_initcall_end = .
                0x040003c0                PROVIDE (platform_initcall_end, .)
                0x040003c0                _module_initcall_begin = .
                0x040003c0                PROVIDE (module_initcall_begin, .)
 *(.module.initcall)
 .module.initcall
                0x040003c0        0xc ../../../../cpu/wl82/tools/sdk.elf.o
                0x040003c0                __initcall_hw_iic_ops_link
                0x040003c4                __initcall_link_sw_iic0_data
                0x040003c8                __initcall_wait_completion_init
                0x040003cc                _module_initcall_end = .
                0x040003cc                PROVIDE (module_initcall_end, .)
                0x040003cc                _sys_event_handler_begin = .
                0x040003cc                PROVIDE (sys_event_handler_begin, .)
 *(.sys_event.*)
 .sys_event.device_event
                0x040003cc        0xc ../../../../cpu/wl82/tools/sdk.elf.o
                0x040003cc                __static_event_device_event
 .sys_event.sys_power_enent
                0x040003d8        0xc ../../../../cpu/wl82/tools/sdk.elf.o
                0x040003d8                __static_event_sys_power_enent
 .sys_event.key_event
                0x040003e4        0xc ../../../../cpu/wl82/tools/sdk.elf.o
                0x040003e4                __static_event_key_event
 .sys_event.tws_event
                0x040003f0        0xc ../../../../cpu/wl82/tools/sdk.elf.o
                0x040003f0                __static_event_tws_event
                0x040003fc                _sys_event_handler_end = .
                0x040003fc                PROVIDE (sys_event_handler_end, .)
                0x040003fc                _syscfg_ops_begin = .
                0x040003fc                PROVIDE (syscfg_ops_begin, .)
 *(.syscfg.2.ops)
 .syscfg.2.ops  0x040003fc       0x1c ../../../../cpu/wl82/tools/sdk.elf.o
                0x040003fc                cfg_btif
 *(.syscfg.1.ops)
 .syscfg.1.ops  0x04000418       0x1c ../../../../cpu/wl82/tools/sdk.elf.o
                0x04000418                cfg_vm
 *(.syscfg.0.ops)
 .syscfg.0.ops  0x04000434       0x1c ../../../../cpu/wl82/tools/sdk.elf.o
                0x04000434                cfg_bin
                0x04000450                _syscfg_ops_end = .
                0x04000450                PROVIDE (syscfg_ops_end, .)
                0x04000450                _server_info_begin = .
                0x04000450                PROVIDE (server_info_begin, .)
 *(.server_info)
 .server_info   0x04000450       0x10 ../../../../cpu/wl82/tools/sdk.elf.o
                0x04000450                audio_server_info
                0x04000460                _server_info_end = .
                0x04000460                PROVIDE (server_info_end, .)
                0x04000460                _bus_device_begin = .
                [!provide]                PROVIDE (bus_device_begin, .)
 *(.bus_device)
                0x04000460                _bus_device_end = .
                [!provide]                PROVIDE (bus_device_end, .)
                0x04000460                _cmd_interface_begin = .
                [!provide]                PROVIDE (cmd_interface_begin, .)
 *(.eff_cmd)
                0x04000460                _cmd_interface_end = .
                [!provide]                PROVIDE (cmd_interface_end, .)
                0x04000460                _snap_interface_begin = .
                [!provide]                PROVIDE (snap_interface_begin, .)
 *(.snap_parm)
                0x04000460                _snap_interface_end = .
                [!provide]                PROVIDE (snap_interface_end, .)
                0x04000460                _device_node_begin = .
                0x04000460                PROVIDE (device_node_begin, .)
 *(.device)
 .device        0x04000460       0x84 ../../../../cpu/wl82/tools/sdk.elf.o
                0x04000460                device_table
                0x040004e4                _device_node_end = .
                0x040004e4                PROVIDE (device_node_end, .)
                0x040004e4                lp_target_begin = .
                [!provide]                PROVIDE (lp_target_begin, .)
 *(.lp_target)
 .lp_target     0x040004e4       0x90 ../../../../cpu/wl82/tools/sdk.elf.o
                0x040004e4                key_lp_target
                0x040004ec                ota_lp_target
                0x040004f4                iic_lp_target
                0x040004fc                adc_scan_lp_target
                0x04000504                usr_systimer_lp_target
                0x0400050c                vm_lp_target
                0x04000514                uart_lp_target
                0x0400051c                spi_lp_target
                0x04000524                sys_power_lp_target
                0x0400052c                adc_lp_target
                0x04000534                dac_lp_target
                0x0400053c                alnk_lp_target
                0x04000544                pwm_lp_target
                0x0400054c                norflash_lp_target
                0x04000554                usb_dev_lp_target
                0x0400055c                audio_cmd_lp_target
                0x04000564                btstack_lowpower_target
                0x0400056c                plnk_lp_target
                0x04000574                lp_target_end = .
                [!provide]                PROVIDE (lp_target_end, .)
                0x04000574                _ai_sdk_api_begin = .
                [!provide]                PROVIDE (ai_sdk_api_begin, .)
 *(.ai_sdk)
                0x04000574                _ai_sdk_api_end = .
                [!provide]                PROVIDE (ai_sdk_api_end, .)
                0x04000574                config_target_begin = .
                [!provide]                PROVIDE (config_target_begin, .)
 *(.config_target)
                0x04000574                config_target_end = .
                [!provide]                PROVIDE (config_target_end, .)
                0x04000574                _tool_interface_begin = .
                [!provide]                PROVIDE (tool_interface_begin, .)
 *(.tool_interface)
                0x04000574                _tool_interface_end = .
                [!provide]                PROVIDE (tool_interface_end, .)
                0x04000574                _lcd_device_begin = .
                [!provide]                PROVIDE (lcd_device_begin, .)
 *(.lcd)
                0x04000574                _lcd_device_end = .
                [!provide]                PROVIDE (lcd_device_end, .)
                0x04000574                _camera_dev_begin = .
                [!provide]                PROVIDE (camera_dev_begin, .)
 *(.camera_dev)
                0x04000574                _camera_dev_end = .
                [!provide]                PROVIDE (camera_dev_end, .)
                0x04000574                _camera1_dev_begin = .
                [!provide]                PROVIDE (camera1_dev_begin, .)
 *(.camera1_dev)
                0x04000574                _camera1_dev_end = .
                [!provide]                PROVIDE (camera1_dev_end, .)
                0x04000574                _iic_device_begin = .
                0x04000574                PROVIDE (iic_device_begin, .)
 *(.iic)
 .iic           0x04000574       0x30 ../../../../cpu/wl82/tools/sdk.elf.o
                0x040005a4                _iic_device_end = .
                0x040005a4                PROVIDE (iic_device_end, .)
                0x040005a4                _video_pkg_sys_begin = .
                [!provide]                PROVIDE (video_pkg_sys_begin, .)
 *(.video_pkg_sys)
                0x040005a4                _video_pkg_sys_end = .
                [!provide]                PROVIDE (video_pkg_sys_end, .)
                0x040005a4                _video_pkg_begin = .
                [!provide]                PROVIDE (video_pkg_begin, .)
 *(.video_pkg)
                0x040005a4                _video_pkg_end = .
                [!provide]                PROVIDE (video_pkg_end, .)
                0x040005a4                . = ALIGN (0x4)
                0x040005a4                _app_begin = .
                0x040005a4                PROVIDE (app_begin, .)
 *(.app)
 .app           0x040005a4       0x20 ../../../../cpu/wl82/tools/sdk.elf.o
                0x040005c4                _app_end = .
                0x040005c4                PROVIDE (app_end, .)
                0x040005c4                _static_hi_timer_begin = .
                [!provide]                PROVIDE (static_hi_timer_begin, .)
 *(.hi_timer)
                0x040005c4                _static_hi_timer_end = .
                [!provide]                PROVIDE (static_hi_timer_end, .)
                0x040005c4                _sys_cpu_timer_begin = .
                0x040005c4                PROVIDE (sys_cpu_timer_begin, .)
 *(.sys_cpu_timer)
 .sys_cpu_timer
                0x040005c4       0x10 ../../../../cpu/wl82/tools/sdk.elf.o
                0x040005c4                cpu_timer4
                0x040005d4                _sys_cpu_timer_end = .
                0x040005d4                PROVIDE (sys_cpu_timer_end, .)
                0x040005d4                _gsensor_dev_begin = .
                [!provide]                PROVIDE (gsensor_dev_begin, .)
 *(.gsensor_dev)
                0x040005d4                _gsensor_dev_end = .
                [!provide]                PROVIDE (gsensor_dev_end, .)
                0x040005d4                _clock_critical_handler_begin = .
                0x040005d4                PROVIDE (clock_critical_handler_begin, .)
 *(.clock_critical_txt)
 .clock_critical_txt
                0x040005d4       0x10 ../../../../cpu/wl82/tools/sdk.elf.o
                0x040005d4                clock_port
                0x040005dc                clock_timer1
                0x040005e4                _clock_critical_handler_end = .
                0x040005e4                PROVIDE (clock_critical_handler_end, .)
                0x040005e4                . = ALIGN (0x4)
                0x040005e4                _audio_decoder_begin = .
                0x040005e4                PROVIDE (audio_decoder_begin, .)
 *(.audio_decoder)
 .audio_decoder
                0x040005e4      0x380 ../../../../cpu/wl82/tools/sdk.elf.o
                0x040005e4                pcm_decoder_ops
                0x0400061c                mp3_decoder
                0x04000654                wma_decoder
                0x0400068c                m4a_decoder
                0x040006c4                wav_decoder
                0x040006fc                adpcm_decoder_ops
                0x04000734                amr_decoder
                0x0400076c                ape_decoder
                0x040007a4                flac_decoder
                0x040007dc                opus_decoder
                0x04000814                ogg_vorbis_decoder
                0x0400084c                cvsd_decoder
                0x04000884                sbc_decoder
                0x040008bc                msbc_decoder
                0x040008f4                speex_decoder
                0x0400092c                dts_decoder
                0x04000964                _audio_decoder_end = .
                0x04000964                PROVIDE (audio_decoder_end, .)
                0x04000964                _audio_package_begin = .
                0x04000964                PROVIDE (audio_package_begin, .)
 *(.audio_package)
 .audio_package
                0x04000964      0x108 ../../../../cpu/wl82/tools/sdk.elf.o
                0x04000964                mp3_package_ops
                0x0400097c                adpcm_package_ops
                0x04000994                pcm_package_ops
                0x040009ac                wav_package_ops
                0x040009c4                spx_package_ops
                0x040009dc                amr_package_ops
                0x040009f4                ogg_package_ops
                0x04000a0c                opus_package_ops
                0x04000a24                cvsd_package_ops
                0x04000a3c                msbc_package_ops
                0x04000a54                sbc_package_ops
                0x04000a6c                _audio_package_end = .
                0x04000a6c                PROVIDE (audio_package_end, .)
                0x04000a6c                _audio_effect_begin = .
                0x04000a6c                PROVIDE (audio_effect_begin, .)
 *(.audio_effect)
 .audio_effect  0x04000a6c       0x10 ../../../../cpu/wl82/tools/sdk.elf.o
                0x04000a6c                virtual_bass_effect
                0x04000a7c                _audio_effect_end = .
                0x04000a7c                PROVIDE (audio_effect_end, .)
                0x04000a7c                _audio_hwaccel_begin = .
                0x04000a7c                PROVIDE (audio_hwaccel_begin, .)
 *(.audio_hwaccel)
 .audio_hwaccel
                0x04000a7c       0x20 ../../../../cpu/wl82/tools/sdk.elf.o
                0x04000a9c                _audio_hwaccel_end = .
                0x04000a9c                PROVIDE (audio_hwaccel_end, .)
                0x04000a9c                _audio_output_handler_begin = .
                0x04000a9c                PROVIDE (audio_output_handler_begin, .)
 *(.audio_output_handler)
                0x04000a9c                _audio_output_handler_end = .
                0x04000a9c                PROVIDE (audio_output_handler_end, .)
                0x04000a9c                _audio_input_handler_begin = .
                0x04000a9c                PROVIDE (audio_input_handler_begin, .)
 *(.audio_input_handler)
                0x04000a9c                _audio_input_handler_end = .
                0x04000a9c                PROVIDE (audio_input_handler_end, .)
                0x04000a9c                _audio_subdev_begin = .
                0x04000a9c                PROVIDE (audio_subdev_begin, .)
 *(.audio_subdev.0)
 .audio_subdev.0
                0x04000a9c       0xa8 ../../../../cpu/wl82/tools/sdk.elf.o
                0x04000a9c                subdev_pcm_enc
                0x04000aa8                subdev_mp3_enc
                0x04000ab4                subdev_adpcm_enc
                0x04000ac0                subdev_speex_enc
                0x04000acc                subdev_amr_enc
                0x04000ad8                subdev_ogg_enc
                0x04000ae4                subdev_opus_enc
                0x04000af0                subdev_vad_enc
                0x04000afc                subdev_jlvad_enc
                0x04000b08                subdev_cvsd_enc
                0x04000b14                subdev_msbc_enc
                0x04000b20                subdev_sbc_enc
                0x04000b2c                subdev_dac
                0x04000b38                subdev_iis_dec
 *(.audio_subdev.1)
 .audio_subdev.1
                0x04000b44       0x24 ../../../../cpu/wl82/tools/sdk.elf.o
                0x04000b44                subdev_aec_enc
                0x04000b50                subdev_dns_enc
                0x04000b5c                subdev_dns_dual_enc
 *(.audio_subdev.2)
 .audio_subdev.2
                0x04000b68        0xc ../../../../cpu/wl82/tools/sdk.elf.o
                0x04000b68                vir_dev_sub
 *(.audio_subdev.3)
 .audio_subdev.3
                0x04000b74       0x30 ../../../../cpu/wl82/tools/sdk.elf.o
                0x04000b74                subdev_adc
                0x04000b80                subdev_iis_enc
                0x04000b8c                subdev_plnk
                0x04000b98                subdev_spdif
                0x04000ba4                _audio_subdev_end = .
                0x04000ba4                PROVIDE (audio_subdev_end, .)
                0x04000ba4                _fm_dev_begin = .
                [!provide]                PROVIDE (fm_dev_begin, .)
 *(.fm_dev)
                0x04000ba4                _fm_dev_end = .
                [!provide]                PROVIDE (fm_dev_end, .)
                0x04000ba4                _video_dev_begin = .
                [!provide]                PROVIDE (video_dev_begin, .)
 *(.video_device)
                0x04000ba4                _video_dev_end = .
                [!provide]                PROVIDE (video_dev_end, .)
                0x04000ba4                _video_subdev_begin = .
                [!provide]                PROVIDE (video_subdev_begin, .)
 *(.video_subdev.0)
 *(.video_subdev.1)
 *(.video_subdev.2)
 *(.video_subdev.3)
 *(.video_subdev.4)
 *(.video_subdev.5)
                0x04000ba4                _video_subdev_end = .
                [!provide]                PROVIDE (video_subdev_end, .)
                0x04000ba4                . = ALIGN (0x4)
                0x04000ba4                _ctp_mapping_tab_begin = .
                [!provide]                PROVIDE (ctp_mapping_tab_begin, .)
                0x04000ba4                _ctp_mapping_tab_system_cmd_begin = .
                [!provide]                PROVIDE (ctp_mapping_tab_system_cmd_begin, .)
 *(.ctp_system_cmd)
                0x04000ba4                _ctp_mapping_tab_system_cmd_end = .
                [!provide]                PROVIDE (ctp_mapping_tab_system_cmd_end, .)
                0x04000ba4                _ctp_mapping_tab_video_cmd_begin = .
                [!provide]                PROVIDE (ctp_mapping_tab_video_cmd_begin, .)
 *(.ctp_video_cmd)
                0x04000ba4                _ctp_mapping_tab_video_cmd_end = .
                [!provide]                PROVIDE (ctp_mapping_tab_video_cmd_end, .)
                0x04000ba4                _ctp_mapping_tab_photo_cmd_begin = .
                [!provide]                PROVIDE (ctp_mapping_tab_photo_cmd_begin, .)
 *(.ctp_photo_cmd)
                0x04000ba4                _ctp_mapping_tab_photo_cmd_end = .
                [!provide]                PROVIDE (ctp_mapping_tab_photo_cmd_end, .)
                0x04000ba4                _ctp_mapping_tab_end = .
                [!provide]                PROVIDE (ctp_mapping_tab_end, .)
                0x04000ba4                _net_video_stream_sub_begin = .
                [!provide]                PROVIDE (net_video_stream_sub_begin, .)
 *(.net_video_stream)
                0x04000ba4                _net_video_stream_sub_end = .
                [!provide]                PROVIDE (net_video_stream_sub_end, .)
                0x04000ba4                . = ALIGN (0x4)
                0x04000ba4                btstack_data_start = .
 *(.bt_stack_data)
 .bt_stack_data
                0x04000ba4      0x100 ../../../../cpu/wl82/tools/sdk.elf.o
 *(.ble_db_data)
 *(.ble_sm_data)
 *(.ble_att_data)
 *(.ble_gatt_data)
                0x04000ca4                BTSTACK_LE_HOST_MESH_DATA_START = .